BL51 BANKED LINKER/LOCATER V6.22.2.0                                                    05/03/2022  10:37:52  PAGE 1


BL51 BANKED LINKER/LOCATER V6.22.2.0, INVOKED BY:
C:\KEIL_V5\C51\BIN\BL51.EXE .\obj\main.obj, .\obj\init380.obj, .\SYS19.LIB, .\obj\Isd4004Spi.obj, .\obj\fingerprint.obj 
>> TO .\obj\ceshi PRINT (.\ceshi.m51) RAMSIZE (256) DISABLEWARNING (16) XDATA (0X0000-0X0FFF)


MEMORY MODEL: LARGE WITH FLOATING POINT ARITHMETIC


INPUT MODULES INCLUDED:
  .\obj\main.obj (MAIN)
  .\obj\init380.obj (INIT380)
  .\SYS19.LIB (DELAY)
  .\SYS19.LIB (INITSYS)
  .\SYS19.LIB (LCD)
  .\SYS19.LIB (SHAPE)
  .\SYS19.LIB (TOUCH)
  .\SYS19.LIB (24C32SYS)
  .\SYS19.LIB (I2CSYS)
  .\obj\Isd4004Spi.obj (ISD4004SPI)
  .\obj\fingerprint.obj (FINGERPRINT)
  C:\KEIL_V5\C51\LIB\C51FPL.LIB (PRINTF)
  C:\KEIL_V5\C51\LIB\C51FPL.LIB (?C?FPROUND)
  C:\KEIL_V5\C51\LIB\C51FPL.LIB (?C?FPCONVERT)
  C:\KEIL_V5\C51\LIB\C51FPL.LIB (?C?FPADD)
  C:\KEIL_V5\C51\LIB\C51FPL.LIB (?C?FPMUL)
  C:\KEIL_V5\C51\LIB\C51FPL.LIB (?C?FPDIV)
  C:\KEIL_V5\C51\LIB\C51FPL.LIB (?C?FTNPWR)
  C:\KEIL_V5\C51\LIB\C51FPL.LIB (?C?FPGETOPN)
  C:\KEIL_V5\C51\LIB\C51L.LIB (?C_STARTUP)
  C:\KEIL_V5\C51\LIB\C51L.LIB (?C?CLDPTR)
  C:\KEIL_V5\C51\LIB\C51L.LIB (?C?CLDOPTR)
  C:\KEIL_V5\C51\LIB\C51L.LIB (?C?CSTPTR)
  C:\KEIL_V5\C51\LIB\C51L.LIB (?C?CSTOPTR)
  C:\KEIL_V5\C51\LIB\C51L.LIB (?C?IMUL)
  C:\KEIL_V5\C51\LIB\C51L.LIB (?C?SIDIV)
  C:\KEIL_V5\C51\LIB\C51L.LIB (?C?IILDX)
  C:\KEIL_V5\C51\LIB\C51L.LIB (?C?ILDIX)
  C:\KEIL_V5\C51\LIB\C51L.LIB (?C?ILDPTR)
  C:\KEIL_V5\C51\LIB\C51L.LIB (?C?ILDOPTR)
  C:\KEIL_V5\C51\LIB\C51L.LIB (?C?ISTPTR)
  C:\KEIL_V5\C51\LIB\C51L.LIB (?C?LMUL)
  C:\KEIL_V5\C51\LIB\C51L.LIB (?C?SLDIV)
  C:\KEIL_V5\C51\LIB\C51L.LIB (?C?LSTXDATA)
  C:\KEIL_V5\C51\LIB\C51L.LIB (?C?LSTKXDATA)
  C:\KEIL_V5\C51\LIB\C51L.LIB (?C?OFFXADD)
  C:\KEIL_V5\C51\LIB\C51L.LIB (?C?PLDIXDATA)
  C:\KEIL_V5\C51\LIB\C51L.LIB (?C?PSTXDATA)
  C:\KEIL_V5\C51\LIB\C51L.LIB (?C?CCASE)
  C:\KEIL_V5\C51\LIB\C51L.LIB (ABS)
  C:\KEIL_V5\C51\LIB\C51L.LIB (STRLEN)
  C:\KEIL_V5\C51\LIB\C51L.LIB (?C_INIT)
  C:\KEIL_V5\C51\LIB\C51L.LIB (?C?UIDIV)
  C:\KEIL_V5\C51\LIB\C51L.LIB (?C?ULDIV)


LINK MAP OF MODULE:  .\obj\ceshi (MAIN)


BL51 BANKED LINKER/LOCATER V6.22.2.0                                                  05/03/2022  10:37:52  PAGE 2


            TYPE    BASE      LENGTH    RELOCATION   SEGMENT NAME
            -----------------------------------------------------

            * * * * * * *   D A T A   M E M O R Y   * * * * * * *
            REG     0000H     0008H     ABSOLUTE     "REG BANK 0"
            DATA    0008H     0005H     UNIT         _DATA_GROUP_
                    000DH     0013H                  *** GAP ***
            BIT     0020H.0   0001H.1   UNIT         _BIT_GROUP_
            BIT     0021H.1   0000H.1   UNIT         ?BI?_W24C32?24C32SYS
                    0021H.2   0000H.6                *** GAP ***
            IDATA   0022H     0001H     UNIT         ?STACK

            * * * * * * *  X D A T A   M E M O R Y  * * * * * * *
            XDATA   0000H     0140H     UNIT         ?XD?SHAPE
            XDATA   0140H     005AH     UNIT         _XDATA_GROUP_
            XDATA   019AH     001EH     UNIT         ?XD?_LCD_DRAWLINE?SHAPE
            XDATA   01B8H     001EH     UNIT         ?XD?_LCD_FILLTRIANGLE?SHAPE
            XDATA   01D6H     001EH     UNIT         ?XD?TOUCHCAL?TOUCH
            XDATA   01F4H     0017H     UNIT         ?XD?LCD
            XDATA   020BH     0016H     UNIT         ?XD?FINGERPRINT
            XDATA   0221H     0014H     UNIT         ?XD?_LCD_PRINTNUMF?LCD
            XDATA   0235H     0010H     UNIT         ?XD?_LCD_FILLCIRCLE?SHAPE
            XDATA   0245H     000FH     UNIT         ?XD?_LCD_DRAWBITMAP8?LCD
            XDATA   0254H     000FH     UNIT         ?XD?_LCD_DRAWBITMAP16?LCD
            XDATA   0263H     000EH     UNIT         ?XD?_LCD_DRAWCIRCLE?SHAPE
            XDATA   0271H     000EH     UNIT         ?XD?_LCD_DRAWTRIANGLE?SHAPE
            XDATA   027FH     000DH     UNIT         ?XD?_LCD_PRINTHEB2C?LCD
            XDATA   028CH     000CH     UNIT         ?XD?_LCD_PRINTCENTER?LCD
            XDATA   0298H     000CH     UNIT         ?XD?_LCD_PRINTHEBCENTER?LCD
            XDATA   02A4H     000BH     UNIT         ?XD?_LCD_PRINTHEBC?LCD
            XDATA   02AFH     000AH     UNIT         ?XD?_LCD_PRINTNUMI?LCD
            XDATA   02B9H     000AH     UNIT         ?XD?_LCD_PRINTNUMB?LCD
            XDATA   02C3H     000AH     UNIT         ?XD?_LCD_DRAWFASTHLINE?SHAPE
            XDATA   02CDH     000AH     UNIT         ?XD?_LCD_DRAWRECT?SHAPE
            XDATA   02D7H     000AH     UNIT         ?XD?__DRAW_CIRCLE_8?SHAPE
            XDATA   02E1H     0008H     UNIT         ?XD?TOUCH
            XDATA   02E9H     0007H     UNIT         ?XD?_INT2BIN?LCD
            XDATA   02F0H     0006H     UNIT         ?XD?_LCD_PRINTHEB?LCD
            XDATA   02F6H     0006H     UNIT         ?XD?_BYTE2BIN?LCD
            XDATA   02FCH     0006H     UNIT         ?XD?_SWAP?SHAPE
            XDATA   0302H     0005H     UNIT         ?XD?_LCD_PRINTNUMC?LCD
            XDATA   0307H     0005H     UNIT         ?XD?_LCD_PRINTNUMH?LCD
            XDATA   030CH     0005H     UNIT         ?XD?READSTATUS?ISD4004SPI
            XDATA   0311H     0004H     UNIT         ?XD?_W24C32?24C32SYS
            XDATA   0315H     0003H     UNIT         ?XD?_LCD_PRINTLN?LCD
            XDATA   0318H     0003H     UNIT         ?XD?_PLAY?ISD4004SPI

            * * * * * * *   C O D E   M E M O R Y   * * * * * * *
            CODE    0000H     0003H     ABSOLUTE     
            CODE    0003H     080BH     UNIT         ?C?LIB_CODE
            CODE    080EH     05AEH     UNIT         ?PR?_LCD_FILLTRIANGLE?SHAPE
            CODE    0DBCH     0525H     UNIT         ?PR?MAIN?MAIN
            CODE    12E1H     0483H     UNIT         ?PR?PRINTF?PRINTF
            CODE    1764H     036AH     UNIT         ?CO?LCD
            CODE    1ACEH     0284H     UNIT         ?PR?_LCD_DRAWLINE?SHAPE
            CODE    1D52H     027AH     UNIT         ?PR?MENUSCREEN?MAIN
            CODE    1FCCH     025CH     UNIT         ?PR?_PUTCHAR5_7_2COLOR?LCD
BL51 BANKED LINKER/LOCATER V6.22.2.0                                                  05/03/2022  10:37:52  PAGE 3


            CODE    2228H     0253H     UNIT         ?PR?_LCD_FILLCIRCLEHELPER?SHAPE
            CODE    247BH     0243H     UNIT         ?PR?_LCD_DRAWBUTTON?SHAPE
            CODE    26BEH     023CH     UNIT         ?PR?INITSYS?INITSYS
            CODE    28FAH     021CH     UNIT         ?PR?TOUCHCAL?TOUCH
            CODE    2B16H     01FCH     UNIT         ?PR?FINDFINGER?FINGERPRINT
            CODE    2D12H     01B7H     UNIT         ?PR?_PUTCHAR5_7?LCD
            CODE    2EC9H     01A7H     UNIT         ?PR?__DRAW_CIRCLE_8?SHAPE
            CODE    3070H     0192H     UNIT         ?PR?LCD_BEGIN?LCD
            CODE    3202H     0157H     UNIT         ?PR?_LCD_FILLROUNDRECT?SHAPE
            CODE    3359H     0147H     UNIT         ?CO?MAIN
            CODE    34A0H     0145H     UNIT         ?PR?_LCD_FILLCIRCLE?SHAPE
            CODE    35E5H     0141H     UNIT         ?PR?_LCD_PRINTHEB?LCD
            CODE    3726H     0133H     UNIT         ?PR?_LCD_PRINTLN?LCD
            CODE    3859H     012DH     UNIT         ?PR?_BUTTONTOUCH?SHAPE
            CODE    3986H     0110H     UNIT         ?PR?_LCD_WRITE?LCD
            CODE    3A96H     010BH     UNIT         ?PR?_LCD_DRAWBITMAP8?LCD
            CODE    3BA1H     0103H     UNIT         ?PR?_LCD_DRAWCIRCLE?SHAPE
            CODE    3CA4H     00FBH     UNIT         ?PR?READX?TOUCH
            CODE    3D9FH     00FBH     UNIT         ?PR?READY?TOUCH
            CODE    3E9AH     00EEH     UNIT         ?PR?_LCD_FILLRECT?SHAPE
            CODE    3F88H     00E7H     UNIT         ?PR?_LCD_DRAWBITMAP16?LCD
            CODE    406FH     00DCH     UNIT         ?PR?_LCD_PRINT?LCD
            CODE    414BH     00D7H     UNIT         ?PR?READTOUCHY?TOUCH
            CODE    4222H     00D2H     UNIT         ?PR?_MAP?TOUCH
            CODE    42F4H     00CDH     UNIT         ?PR?_LCD_DRAWRECT?SHAPE
            CODE    43C1H     00C1H     UNIT         ?PR?READTOUCHX?TOUCH
            CODE    4482H     00A5H     UNIT         ?PR?_LCD_DRAWTRIANGLE?SHAPE
            CODE    4527H     0096H     UNIT         ?PR?_LCD_DRAWFASTVLINE?SHAPE
            CODE    45BDH     0093H     UNIT         ?PR?_INT2BIN?LCD
            CODE    4650H     0093H     UNIT         ?PR?_BYTE2BIN?LCD
            CODE    46E3H     008EH     UNIT         ?PR?_LCD_DRAWFASTHLINE?SHAPE
            CODE    4771H     008CH     UNIT         ?C_C51STARTUP
            CODE    47FDH     0088H     UNIT         ?PR?_LCD_PRINTCENTER?LCD
            CODE    4885H     0088H     UNIT         ?PR?_LCD_PRINTHEBCENTER?LCD
            CODE    490DH     0081H     UNIT         ?PR?_LCD_FILLSCREEN?LCD
            CODE    498EH     007DH     UNIT         ?PR?_WRITEBYTE?I2CSYS
            CODE    4A0BH     0079H     UNIT         ?PR?READBYTE?I2CSYS
            CODE    4A84H     0072H     UNIT         ?PR?_RECORD?ISD4004SPI
            CODE    4AF6H     0060H     UNIT         ?PR?_LCD_SETROTATION?LCD
            CODE    4B56H     005BH     UNIT         ?PR?_LCD_PRINTNUMB?LCD
            CODE    4BB1H     0050H     UNIT         ?CO?TOUCH
            CODE    4C01H     004DH     UNIT         ?PR?_LCD_SETADDRWINDOW?LCD
            CODE    4C4EH     004DH     UNIT         ?PR?_R24C32?24C32SYS
            CODE    4C9BH     004AH     UNIT         ?CO?FINGERPRINT
            CODE    4CE5H     0048H     UNIT         ?PR?_LCD_DRAWPIXEL?LCD
            CODE    4D2DH     0047H     UNIT         ?PR?_PLAYI?ISD4004SPI
            CODE    4D74H     0044H     UNIT         ?C?LDIV
            CODE    4DB8H     0043H     UNIT         ?PR?_SWAP?SHAPE
            CODE    4DFBH     0043H     UNIT         ?PR?_W24C32?24C32SYS
            CODE    4E3EH     0042H     UNIT         ?PR?LCD_SETPARAM?LCD
            CODE    4E80H     0041H     UNIT         ?PR?_SPIWRITEADDCODE?ISD4004SPI
            CODE    4EC1H     003FH     UNIT         ?PR?_PLAY?ISD4004SPI
            CODE    4F00H     003CH     UNIT         ?PR?READFROMCHARFROM7843?TOUCH
            CODE    4F3CH     003BH     UNIT         ?PR?READSTATUS?ISD4004SPI
            CODE    4F77H     0035H     UNIT         ?PR?_REVERSE?ISD4004SPI
            CODE    4FACH     0034H     UNIT         ?PR?_WRITECHARTO7843?TOUCH
            CODE    4FE0H     002EH     UNIT         ?PR?_LCD_PRINT2C?LCD
BL51 BANKED LINKER/LOCATER V6.22.2.0                                                  05/03/2022  10:37:52  PAGE 4


            CODE    500EH     002DH     UNIT         ?PR?_LCD_PRINTHEBLN?LCD
            CODE    503BH     002CH     UNIT         ?PR?_TOUCHSET?TOUCH
            CODE    5067H     0027H     UNIT         ?PR?_SERVO?MAIN
            CODE    508EH     0027H     UNIT         ?PR?_LCD_PRINTC?LCD
            CODE    50B5H     0026H     UNIT         ?PR?_LCD_PRINTNUMI?LCD
            CODE    50DBH     0026H     UNIT         ?PR?_LCD_PRINTNUMH?LCD
            CODE    5101H     0024H     UNIT         ?PR?_DELAY_US?DELAY
            CODE    5125H     0024H     UNIT         ?PR?_LCD_PRINTNUMF?LCD
            CODE    5149H     0024H     UNIT         ?PR?_PUTCHAR?LCD
            CODE    516DH     0024H     UNIT         ?PR?LCD_CLEARBUTTON?SHAPE
            CODE    5191H     0023H     UNIT         ?PR?_LCD_PRINTNUMC?LCD
            CODE    51B4H     0022H     UNIT         ?PR?_LCD_SETTEXT2COLOR?LCD
            CODE    51D6H     0020H     UNIT         ?PR?_DELAY_MS?DELAY
            CODE    51F6H     001FH     UNIT         ?PR?_SPIWRITE?ISD4004SPI
            CODE    5215H     001DH     UNIT         ?PR?_ADS_READ_AD?TOUCH
            CODE    5232H     001AH     UNIT         ?PR?_LCD_PRINTHEBC?LCD
            CODE    524CH     0016H     UNIT         ?PR?PORT_IO_INIT?INIT380
            CODE    5262H     0015H     UNIT         ?PR?_LCD_PRINTHEB2C?LCD
            CODE    5277H     0015H     UNIT         ?PR?_STRLEN?STRLEN
            CODE    528CH     0014H     UNIT         ?PR?STOP?I2CSYS
            CODE    52A0H     0012H     UNIT         ?PR?INIT_DEVICE?INIT380
            CODE    52B2H     0012H     UNIT         ?PR?CLEARFIFO?FINGERPRINT
            CODE    52C4H     0012H     UNIT         ?PR?_PUTCHAR1?FINGERPRINT
            CODE    52D6H     0011H     UNIT         ?PR?_WRITEDATA16?LCD
            CODE    52E7H     0011H     UNIT         ?PR?_LCD_SETCURSOR?LCD
            CODE    52F8H     0010H     UNIT         ?PR?UART_INIT?INIT380
            CODE    5308H     0010H     UNIT         ?PR?_WRITEDATA?LCD
            CODE    5318H     000EH     UNIT         ?PR?_LCD_SETTEXT1COLOR?LCD
            CODE    5326H     000DH     UNIT         ?PR?PCA_INIT?INIT380
            CODE    5333H     000DH     UNIT         ?PR?TIMER_INIT?INIT380
            CODE    5340H     000CH     UNIT         ?PR?_LCD_SETTEXTSIZE?LCD
            CODE    534CH     000CH     UNIT         ?PR?START?I2CSYS
            CODE    5358H     000CH     UNIT         ?PR?GETCHAR1?FINGERPRINT
            CODE    5364H     000CH     UNIT         ?PR?_ABS?ABS
            CODE    5370H     000AH     UNIT         ?PR?SPI_INIT?INIT380
            CODE    537AH     000AH     UNIT         ?PR?OSCILLATOR_INIT?INIT380
            CODE    5384H     0009H     UNIT         ?PR?_WRITECOMMAND?LCD
            CODE    538DH     0009H     UNIT         ?PR?LCD_WRITERAM_PREPARE?LCD
            CODE    5396H     0008H     UNIT         ?CO?INITSYS
            CODE    539EH     0008H     UNIT         ?PR?_PUTCHAR0?FINGERPRINT
            CODE    53A6H     0008H     UNIT         ?PR?GETCHAR0?FINGERPRINT
            CODE    53AEH     0006H     UNIT         ?PR?_SETTARGET?LCD
            CODE    53B4H     0005H     UNIT         ?C_INITSEG



OVERLAY MAP OF MODULE:   .\obj\ceshi (MAIN)


SEGMENT                                    BIT_GROUP          DATA_GROUP          XDATA_GROUP
  +--> CALLED SEGMENT                   START    LENGTH     START    LENGTH     START    LENGTH
-----------------------------------------------------------------------------------------------
?C_C51STARTUP                           -----    -----      -----    -----      -----    -----
  +--> ?PR?MAIN?MAIN
  +--> ?C_INITSEG

?PR?MAIN?MAIN                           -----    -----      -----    -----      0140H    0006H
BL51 BANKED LINKER/LOCATER V6.22.2.0                                                  05/03/2022  10:37:52  PAGE 5


  +--> ?PR?INIT_DEVICE?INIT380
  +--> ?PR?INITSYS?INITSYS
  +--> ?PR?_DELAY_MS?DELAY
  +--> ?PR?READTOUCHX?TOUCH
  +--> ?PR?READTOUCHY?TOUCH
  +--> ?PR?_BUTTONTOUCH?SHAPE
  +--> ?PR?_LCD_FILLSCREEN?LCD
  +--> ?CO?MAIN
  +--> ?PR?_LCD_PRINT2C?LCD
  +--> ?PR?_RECORD?ISD4004SPI
  +--> ?PR?_PLAYI?ISD4004SPI
  +--> ?PR?_SERVO?MAIN
  +--> ?PR?_SETTARGET?LCD
  +--> ?PR?PRINTF?PRINTF
  +--> ?PR?FINDFINGER?FINGERPRINT
  +--> ?PR?_LCD_SETCURSOR?LCD
  +--> ?PR?MENUSCREEN?MAIN

?PR?INIT_DEVICE?INIT380                 -----    -----      -----    -----      -----    -----
  +--> ?PR?PCA_INIT?INIT380
  +--> ?PR?TIMER_INIT?INIT380
  +--> ?PR?UART_INIT?INIT380
  +--> ?PR?SPI_INIT?INIT380
  +--> ?PR?PORT_IO_INIT?INIT380
  +--> ?PR?OSCILLATOR_INIT?INIT380

?PR?INITSYS?INITSYS                     -----    -----      -----    -----      0146H    0006H
  +--> ?PR?_DELAY_MS?DELAY
  +--> ?PR?_R24C32?24C32SYS
  +--> ?CO?INITSYS
  +--> ?PR?_LCD_PRINT?LCD
  +--> ?PR?_TOUCHSET?TOUCH
  +--> ?PR?LCD_BEGIN?LCD
  +--> ?PR?LCD_CLEARBUTTON?SHAPE

?PR?_R24C32?24C32SYS                    -----    -----      -----    -----      014CH    0004H
  +--> ?PR?START?I2CSYS
  +--> ?PR?_WRITEBYTE?I2CSYS
  +--> ?PR?STOP?I2CSYS
  +--> ?PR?READBYTE?I2CSYS

?PR?START?I2CSYS                        -----    -----      -----    -----      -----    -----
  +--> ?PR?_DELAY_US?DELAY

?PR?_WRITEBYTE?I2CSYS                   0020H.0  0000H.1    -----    -----      0150H    0003H
  +--> ?PR?_DELAY_US?DELAY

?PR?STOP?I2CSYS                         -----    -----      -----    -----      -----    -----
  +--> ?PR?_DELAY_US?DELAY

?PR?READBYTE?I2CSYS                     0020H.0  0000H.1    -----    -----      0150H    0003H
  +--> ?PR?_DELAY_US?DELAY

?PR?_LCD_PRINT?LCD                      -----    -----      -----    -----      0168H    0003H
  +--> ?PR?_PUTCHAR5_7_2COLOR?LCD
  +--> ?PR?_PUTCHAR5_7?LCD

BL51 BANKED LINKER/LOCATER V6.22.2.0                                                  05/03/2022  10:37:52  PAGE 6


?PR?_PUTCHAR5_7_2COLOR?LCD              -----    -----      -----    -----      0178H    0014H
  +--> ?CO?LCD
  +--> ?PR?_LCD_DRAWPIXEL?LCD

?PR?_LCD_DRAWPIXEL?LCD                  -----    -----      -----    -----      018CH    0006H
  +--> ?PR?_LCD_SETADDRWINDOW?LCD
  +--> ?PR?_WRITEDATA16?LCD

?PR?_LCD_SETADDRWINDOW?LCD              -----    -----      -----    -----      0192H    0008H
  +--> ?PR?_WRITECOMMAND?LCD
  +--> ?PR?_WRITEDATA?LCD
  +--> ?PR?LCD_WRITERAM_PREPARE?LCD

?PR?_WRITEDATA?LCD                      -----    -----      -----    -----      -----    -----
  +--> ?PR?_WRITECOMMAND?LCD

?PR?LCD_WRITERAM_PREPARE?LCD            -----    -----      -----    -----      -----    -----
  +--> ?PR?_WRITECOMMAND?LCD

?PR?_PUTCHAR5_7?LCD                     -----    -----      -----    -----      0178H    0012H
  +--> ?CO?LCD
  +--> ?PR?_LCD_DRAWPIXEL?LCD

?PR?_TOUCHSET?TOUCH                     -----    -----      -----    -----      014CH    0008H

?PR?LCD_BEGIN?LCD                       -----    -----      -----    -----      -----    -----
  +--> ?PR?_WRITECOMMAND?LCD
  +--> ?PR?_WRITEDATA?LCD
  +--> ?PR?_DELAY_MS?DELAY
  +--> ?PR?LCD_SETPARAM?LCD
  +--> ?PR?_LCD_SETROTATION?LCD
  +--> ?PR?_LCD_FILLSCREEN?LCD
  +--> ?PR?_LCD_SETTEXTSIZE?LCD
  +--> ?PR?_LCD_SETTEXT2COLOR?LCD

?PR?_LCD_SETROTATION?LCD                -----    -----      -----    -----      -----    -----
  +--> ?PR?_WRITECOMMAND?LCD
  +--> ?PR?_WRITEDATA?LCD

?PR?_LCD_FILLSCREEN?LCD                 -----    -----      -----    -----      014CH    0003H
  +--> ?PR?_LCD_SETADDRWINDOW?LCD

?PR?READTOUCHX?TOUCH                    -----    -----      -----    -----      -----    -----
  +--> ?PR?READY?TOUCH
  +--> ?PR?_MAP?TOUCH
  +--> ?PR?READX?TOUCH

?PR?READY?TOUCH                         -----    -----      -----    -----      0148H    000AH
  +--> ?PR?_ADS_READ_AD?TOUCH
  +--> ?PR?_DELAY_US?DELAY
  +--> ?PR?_ABS?ABS

?PR?_ADS_READ_AD?TOUCH                  -----    -----      -----    -----      -----    -----
  +--> ?PR?_WRITECHARTO7843?TOUCH
  +--> ?PR?_DELAY_US?DELAY
  +--> ?PR?READFROMCHARFROM7843?TOUCH

BL51 BANKED LINKER/LOCATER V6.22.2.0                                                  05/03/2022  10:37:52  PAGE 7


?PR?_MAP?TOUCH                          -----    -----      -----    -----      0148H    000EH

?PR?READX?TOUCH                         -----    -----      -----    -----      0148H    000AH
  +--> ?PR?_ADS_READ_AD?TOUCH
  +--> ?PR?_DELAY_US?DELAY
  +--> ?PR?_ABS?ABS

?PR?READTOUCHY?TOUCH                    -----    -----      -----    -----      0146H    0002H
  +--> ?PR?READX?TOUCH
  +--> ?PR?_MAP?TOUCH
  +--> ?PR?READY?TOUCH

?PR?_BUTTONTOUCH?SHAPE                  -----    -----      -----    -----      0146H    0004H

?PR?_LCD_PRINT2C?LCD                    -----    -----      -----    -----      0148H    000DH
  +--> ?PR?_LCD_SETTEXT2COLOR?LCD
  +--> ?PR?_LCD_SETTEXTSIZE?LCD
  +--> ?PR?_LCD_SETCURSOR?LCD
  +--> ?PR?_LCD_PRINT?LCD

?PR?_RECORD?ISD4004SPI                  -----    -----      -----    -----      0146H    0003H
  +--> ?PR?_DELAY_MS?DELAY
  +--> ?PR?_SPIWRITE?ISD4004SPI
  +--> ?PR?_SPIWRITEADDCODE?ISD4004SPI

?PR?_SPIWRITE?ISD4004SPI                -----    -----      -----    -----      -----    -----
  +--> ?PR?_REVERSE?ISD4004SPI

?PR?_REVERSE?ISD4004SPI                 -----    -----      -----    -----      014CH    0001H

?PR?_SPIWRITEADDCODE?ISD4004SPI         -----    -----      -----    -----      0149H    0003H
  +--> ?PR?_REVERSE?ISD4004SPI

?PR?_PLAYI?ISD4004SPI                   -----    -----      -----    -----      0146H    0003H
  +--> ?PR?_SPIWRITE?ISD4004SPI
  +--> ?PR?_DELAY_MS?DELAY
  +--> ?PR?_SPIWRITEADDCODE?ISD4004SPI

?PR?PRINTF?PRINTF                       0020H.0  0001H.1    0008H    0005H      0146H    0030H
  +--> ?PR?_PUTCHAR?LCD

?PR?_PUTCHAR?LCD                        -----    -----      -----    -----      0176H    0001H
  +--> ?PR?_LCD_WRITE?LCD

?PR?_LCD_WRITE?LCD                      -----    -----      -----    -----      0177H    0001H
  +--> ?PR?_PUTCHAR5_7_2COLOR?LCD
  +--> ?PR?_PUTCHAR5_7?LCD

?PR?FINDFINGER?FINGERPRINT              -----    -----      -----    -----      0146H    0002H
  +--> ?PR?CLEARFIFO?FINGERPRINT
  +--> ?CO?FINGERPRINT
  +--> ?PR?_LCD_PRINT2C?LCD
  +--> ?PR?_PUTCHAR1?FINGERPRINT
  +--> ?PR?GETCHAR1?FINGERPRINT
  +--> ?PR?_DELAY_MS?DELAY

?PR?CLEARFIFO?FINGERPRINT               -----    -----      -----    -----      0148H    0001H
BL51 BANKED LINKER/LOCATER V6.22.2.0                                                  05/03/2022  10:37:52  PAGE 8



?PR?MENUSCREEN?MAIN                     -----    -----      -----    -----      -----    -----
  +--> ?PR?_LCD_FILLSCREEN?LCD
  +--> ?CO?MAIN
  +--> ?PR?_LCD_PRINT2C?LCD
  +--> ?PR?LCD_CLEARBUTTON?SHAPE
  +--> ?PR?_LCD_DRAWBUTTON?SHAPE
  +--> ?PR?_LCD_SETTEXT2COLOR?LCD

?PR?_LCD_DRAWBUTTON?SHAPE               -----    -----      -----    -----      0146H    0017H
  +--> ?PR?_STRLEN?STRLEN
  +--> ?PR?_LCD_FILLROUNDRECT?SHAPE
  +--> ?PR?_LCD_PRINTC?LCD

?PR?_LCD_FILLROUNDRECT?SHAPE            -----    -----      -----    -----      015DH    000CH
  +--> ?PR?_LCD_FILLRECT?SHAPE
  +--> ?PR?_LCD_FILLCIRCLEHELPER?SHAPE

?PR?_LCD_FILLRECT?SHAPE                 -----    -----      -----    -----      0169H    000DH
  +--> ?PR?_LCD_SETADDRWINDOW?LCD

?PR?_LCD_FILLCIRCLEHELPER?SHAPE         -----    -----      -----    -----      0169H    0015H
  +--> ?PR?_LCD_DRAWFASTVLINE?SHAPE

?PR?_LCD_DRAWFASTVLINE?SHAPE            -----    -----      -----    -----      017EH    000AH
  +--> ?PR?_LCD_SETADDRWINDOW?LCD
  +--> ?PR?_WRITEDATA16?LCD

?PR?_LCD_PRINTC?LCD                     -----    -----      -----    -----      015DH    000BH
  +--> ?PR?_LCD_SETTEXT1COLOR?LCD
  +--> ?PR?_LCD_SETTEXTSIZE?LCD
  +--> ?PR?_LCD_SETCURSOR?LCD
  +--> ?PR?_LCD_PRINT?LCD



SYMBOL TABLE OF MODULE:  .\obj\ceshi (MAIN)

  VALUE           TYPE          NAME
  ----------------------------------

  -------         MODULE        MAIN
  C:0000H         SYMBOL        _ICE_DUMMY_
  D:0080H         PUBLIC        P0
  D:00A0H         PUBLIC        P2
  D:00B0H         PUBLIC        P3
  D:00FCH         PUBLIC        PCA0CPH0
  D:00FBH         PUBLIC        PCA0CPL0
  B:00B0H.6       PUBLIC        T_IRQ
  C:0DBCH         PUBLIC        main
  C:5067H         PUBLIC        _servo
  B:00A0H.1       PUBLIC        sensorDOOR
  C:1D52H         PUBLIC        MenuScreen
  -------         PROC          _SERVO
  D:0006H         SYMBOL        Width
  C:5067H         LINE#         13
  C:5067H         LINE#         14
BL51 BANKED LINKER/LOCATER V6.22.2.0                                                  05/03/2022  10:37:52  PAGE 9


  C:5067H         LINE#         15
  C:5074H         LINE#         16
  C:5081H         LINE#         17
  C:5088H         LINE#         19
  C:508AH         LINE#         20
  C:508DH         LINE#         21
  -------         ENDPROC       _SERVO
  -------         PROC          MAIN
  -------         DO            
  X:0140H         SYMBOL        x
  X:0142H         SYMBOL        y
  X:0144H         SYMBOL        ButtonNum
  -------         ENDDO         
  C:0DBCH         LINE#         24
  C:0DBCH         LINE#         25
  C:0DBCH         LINE#         26
  C:0DC7H         LINE#         27
  C:0DCAH         LINE#         28
  C:0DCDH         LINE#         30
  C:0DD0H         LINE#         33
  C:0DD0H         LINE#         34
  C:0DD3H         LINE#         35
  C:0DDAH         LINE#         36
  C:0DE5H         LINE#         37
  C:0DF2H         LINE#         38
  C:0E05H         LINE#         39
  C:0E0AH         LINE#         40
  C:0E0FH         LINE#         41
  C:0E32H         LINE#         42
  C:0E38H         LINE#         43
  C:0E5BH         LINE#         44
  C:0E61H         LINE#         45
  C:0E61H         LINE#         46
  C:0E64H         LINE#         47
  C:0E70H         LINE#         48
  C:0E75H         LINE#         49
  C:0E98H         LINE#         50
  C:0E9FH         LINE#         51
  C:0EC2H         LINE#         52
  C:0EC4H         LINE#         53
  C:0EC4H         LINE#         54
  C:0EC6H         LINE#         55
  C:0ED2H         LINE#         56
  C:0ED7H         LINE#         57
  C:0EFAH         LINE#         58
  C:0F01H         LINE#         59
  C:0F24H         LINE#         60
  C:0F28H         LINE#         61
  C:0F28H         LINE#         62
  C:0F2BH         LINE#         63
  C:0F37H         LINE#         64
  C:0F3CH         LINE#         65
  C:0F5FH         LINE#         66
  C:0F66H         LINE#         67
  C:0F89H         LINE#         68
  C:0F8DH         LINE#         69
  C:0F8DH         LINE#         70
BL51 BANKED LINKER/LOCATER V6.22.2.0                                                  05/03/2022  10:37:52  PAGE 10


  C:0F8FH         LINE#         72
  C:0F9BH         LINE#         73
  C:0FA0H         LINE#         74
  C:0FC3H         LINE#         75
  C:0FCAH         LINE#         76
  C:0FEDH         LINE#         77
  C:0FF4H         LINE#         78
  C:0FF4H         LINE#         79
  C:0FF7H         LINE#         80
  C:1003H         LINE#         81
  C:1008H         LINE#         82
  C:102BH         LINE#         83
  C:1032H         LINE#         84
  C:1039H         LINE#         85
  C:105CH         LINE#         86
  C:1063H         LINE#         87
  C:106AH         LINE#         88
  C:1071H         LINE#         89
  C:1078H         LINE#         90
  C:1078H         LINE#         91
  C:107BH         LINE#         92
  C:108AH         LINE#         93
  C:108FH         LINE#         94
  C:10B2H         LINE#         95
  C:10D5H         LINE#         96
  C:10DBH         LINE#         97
  C:10E0H         LINE#         98
  C:10E9H         LINE#         99
  C:10F0H         LINE#         100
  C:10F9H         LINE#         101
  C:1100H         LINE#         102
  C:1109H         LINE#         103
  C:1110H         LINE#         104
  C:1119H         LINE#         105
  C:1120H         LINE#         106
  C:1129H         LINE#         107
  C:1130H         LINE#         108
  C:1139H         LINE#         110
  C:1139H         LINE#         111
  C:113BH         LINE#         113
  C:1147H         LINE#         114
  C:114CH         LINE#         115
  C:116FH         LINE#         116
  C:1176H         LINE#         117
  C:1176H         LINE#         118
  C:1181H         LINE#         119
  C:1196H         LINE#         121
  C:1198H         LINE#         122
  C:1198H         LINE#         123
  C:11A1H         LINE#         124
  C:11A1H         LINE#         125
  C:11A4H         LINE#         126
  C:11A7H         LINE#         127
  C:11AAH         LINE#         129
  C:11B9H         LINE#         130
  C:11BEH         LINE#         131
  C:11E1H         LINE#         132
BL51 BANKED LINKER/LOCATER V6.22.2.0                                                  05/03/2022  10:37:52  PAGE 11


  C:11EBH         LINE#         133
  C:11EBH         LINE#         134
  C:11F6H         LINE#         135
  C:120EH         LINE#         136
  C:1218H         LINE#         137
  C:121DH         LINE#         138
  C:1229H         LINE#         139
  C:122FH         LINE#         141
  C:1236H         LINE#         143
  C:123DH         LINE#         144
  C:1260H         LINE#         145
  C:1267H         LINE#         146
  C:126AH         LINE#         147
  C:1271H         LINE#         148
  C:1294H         LINE#         150
  C:1296H         LINE#         151
  C:1296H         LINE#         152
  C:129FH         LINE#         153
  C:12A5H         LINE#         154
  C:12AAH         LINE#         155
  C:12B3H         LINE#         156
  C:12BAH         LINE#         157
  C:12C3H         LINE#         158
  C:12CAH         LINE#         159
  C:12D3H         LINE#         160
  C:12D8H         LINE#         161
  C:12D8H         LINE#         162
  C:12DBH         LINE#         163
  C:12DEH         LINE#         164
  C:12DEH         LINE#         165
  C:12DEH         LINE#         166
  -------         ENDPROC       MAIN
  -------         PROC          MENUSCREEN
  C:1D52H         LINE#         169
  C:1D52H         LINE#         170
  C:1D58H         LINE#         171
  C:1D7BH         LINE#         172
  C:1D7EH         LINE#         173
  C:1DBDH         LINE#         174
  C:1DFFH         LINE#         175
  C:1E40H         LINE#         176
  C:1E81H         LINE#         177
  C:1EC2H         LINE#         178
  C:1F03H         LINE#         179
  C:1F42H         LINE#         180
  C:1F81H         LINE#         181
  C:1FC2H         LINE#         182
  -------         ENDPROC       MENUSCREEN
  -------         ENDMOD        MAIN

  -------         MODULE        INIT380
  C:0000H         SYMBOL        _ICE_DUMMY_
  D:00A2H         PUBLIC        SPI0CKR
  D:00A4H         PUBLIC        P0MDOUT
  D:00A5H         PUBLIC        P1MDOUT
  C:524CH         PUBLIC        Port_IO_Init
  D:00DAH         PUBLIC        PCA0CPM0
BL51 BANKED LINKER/LOCATER V6.22.2.0                                                  05/03/2022  10:37:52  PAGE 12


  D:00D9H         PUBLIC        PCA0MD
  D:00D8H         PUBLIC        PCA0CN
  C:537AH         PUBLIC        Oscillator_Init
  D:00E1H         PUBLIC        XBR0
  D:00E2H         PUBLIC        XBR1
  D:00E3H         PUBLIC        XBR2
  D:00ACH         PUBLIC        SBCON1
  D:00B5H         PUBLIC        SBRLH1
  D:00F8H         PUBLIC        SPI0CN
  D:00B4H         PUBLIC        SBRLL1
  C:52F8H         PUBLIC        UART_Init
  D:0089H         PUBLIC        TMOD
  D:0088H         PUBLIC        TCON
  D:00D4H         PUBLIC        P0SKIP
  D:00D5H         PUBLIC        P1SKIP
  D:00A9H         PUBLIC        CLKSEL
  D:00B2H         PUBLIC        OSCICN
  C:52A0H         PUBLIC        Init_Device
  C:5326H         PUBLIC        PCA_Init
  D:008DH         PUBLIC        TH1
  C:5370H         PUBLIC        SPI_Init
  D:0098H         PUBLIC        SCON0
  D:00D2H         PUBLIC        SCON1
  D:00A1H         PUBLIC        SPI0CFG
  D:008EH         PUBLIC        CKCON
  D:00B6H         PUBLIC        FLSCL
  C:5333H         PUBLIC        Timer_Init
  -------         PROC          PCA_INIT
  C:5326H         LINE#         10
  C:5326H         LINE#         11
  C:5326H         LINE#         12
  C:5329H         LINE#         13
  C:532CH         LINE#         14
  C:532FH         LINE#         15
  C:5332H         LINE#         16
  -------         ENDPROC       PCA_INIT
  -------         PROC          TIMER_INIT
  C:5333H         LINE#         18
  C:5333H         LINE#         19
  C:5333H         LINE#         20
  C:5336H         LINE#         21
  C:5339H         LINE#         22
  C:533CH         LINE#         23
  C:533FH         LINE#         24
  -------         ENDPROC       TIMER_INIT
  -------         PROC          UART_INIT
  C:52F8H         LINE#         26
  C:52F8H         LINE#         27
  C:52F8H         LINE#         28
  C:52FBH         LINE#         29
  C:52FEH         LINE#         30
  C:5301H         LINE#         31
  C:5304H         LINE#         32
  C:5307H         LINE#         33
  -------         ENDPROC       UART_INIT
  -------         PROC          SPI_INIT
  C:5370H         LINE#         35
BL51 BANKED LINKER/LOCATER V6.22.2.0                                                  05/03/2022  10:37:52  PAGE 13


  C:5370H         LINE#         36
  C:5370H         LINE#         37
  C:5373H         LINE#         38
  C:5376H         LINE#         39
  C:5379H         LINE#         40
  -------         ENDPROC       SPI_INIT
  -------         PROC          PORT_IO_INIT
  C:524CH         LINE#         42
  C:524CH         LINE#         43
  C:524CH         LINE#         80
  C:524FH         LINE#         81
  C:5252H         LINE#         82
  C:5255H         LINE#         83
  C:5258H         LINE#         84
  C:525BH         LINE#         85
  C:525EH         LINE#         86
  C:5261H         LINE#         87
  -------         ENDPROC       PORT_IO_INIT
  -------         PROC          OSCILLATOR_INIT
  C:537AH         LINE#         89
  C:537AH         LINE#         90
  C:537AH         LINE#         91
  C:537DH         LINE#         92
  C:5380H         LINE#         93
  C:5383H         LINE#         94
  -------         ENDPROC       OSCILLATOR_INIT
  -------         PROC          INIT_DEVICE
  C:52A0H         LINE#         98
  C:52A0H         LINE#         99
  C:52A0H         LINE#         100
  C:52A3H         LINE#         101
  C:52A6H         LINE#         102
  C:52A9H         LINE#         103
  C:52ACH         LINE#         104
  C:52AFH         LINE#         105
  -------         ENDPROC       INIT_DEVICE
  -------         ENDMOD        INIT380

  -------         MODULE        DELAY
  C:0000H         SYMBOL        _ICE_DUMMY_
  D:00B0H         PUBLIC        P3
  D:0094H         PUBLIC        TMR3
  D:0091H         PUBLIC        TMR3CN
  C:51D6H         PUBLIC        _delay_ms
  C:5101H         PUBLIC        _delay_us
  -------         PROC          _DELAY_MS
  D:0006H         SYMBOL        ms
  C:51D6H         LINE#         25
  C:51D6H         LINE#         26
  C:51D6H         LINE#         27
  C:51DAH         LINE#         28
  C:51DAH         LINE#         29
  C:51DDH         LINE#         30
  C:51E3H         LINE#         32
  C:51E6H         LINE#         33
  C:51EBH         LINE#         34
  C:51F0H         LINE#         35
BL51 BANKED LINKER/LOCATER V6.22.2.0                                                  05/03/2022  10:37:52  PAGE 14


  C:51F2H         LINE#         37
  C:51F5H         LINE#         38
  -------         ENDPROC       _DELAY_MS
  -------         PROC          _DELAY_US
  D:0006H         SYMBOL        us
  C:5101H         LINE#         41
  C:5101H         LINE#         42
  C:5101H         LINE#         43
  C:5104H         LINE#         45
  C:5119H         LINE#         47
  C:511CH         LINE#         48
  C:5121H         LINE#         49
  C:5124H         LINE#         50
  -------         ENDPROC       _DELAY_US
  -------         ENDMOD        DELAY

  -------         MODULE        INITSYS
  C:0000H         SYMBOL        _ICE_DUMMY_
  D:00B0H         PUBLIC        P3
  D:00A7H         PUBLIC        P3MDOUT
  D:00AEH         PUBLIC        P4MDOUT
  D:00D9H         PUBLIC        PCA0MD
  D:00E2H         PUBLIC        XBR1
  C:26BEH         PUBLIC        initSYS
  D:00A9H         PUBLIC        CLKSEL
  D:00B2H         PUBLIC        OSCICN
  D:00B6H         PUBLIC        FLSCL
  -------         PROC          INITSYS
  -------         DO            
  X:0146H         SYMBOL        f1
  X:0148H         SYMBOL        f2
  D:0002H         SYMBOL        f3
  X:014AH         SYMBOL        i
  -------         ENDDO         
  C:26BEH         LINE#         13
  C:26BEH         LINE#         14
  C:26BEH         LINE#         15
  C:26C5H         LINE#         17
  C:26C8H         LINE#         18
  C:26CAH         LINE#         37
  C:26CDH         LINE#         38
  C:26D0H         LINE#         39
  C:26D8H         LINE#         44
  C:26DBH         LINE#         45
  C:26DEH         LINE#         46
  C:26E1H         LINE#         48
  C:26E8H         LINE#         53
  C:26F9H         LINE#         54
  C:270AH         LINE#         55
  C:2717H         LINE#         57
  C:2740H         LINE#         58
  C:275BH         LINE#         60
  C:2778H         LINE#         61
  C:2786H         LINE#         63
  C:2797H         LINE#         64
  C:27A8H         LINE#         65
  C:27B5H         LINE#         67
BL51 BANKED LINKER/LOCATER V6.22.2.0                                                  05/03/2022  10:37:52  PAGE 15


  C:27DEH         LINE#         68
  C:27F9H         LINE#         70
  C:2816H         LINE#         71
  C:2824H         LINE#         73
  C:2835H         LINE#         74
  C:2846H         LINE#         75
  C:2853H         LINE#         78
  C:287CH         LINE#         79
  C:2897H         LINE#         81
  C:28B4H         LINE#         82
  C:28C2H         LINE#         84
  C:28CCH         LINE#         85
  C:28D5H         LINE#         86
  C:28D7H         LINE#         87
  C:28D7H         LINE#         92
  C:28F0H         LINE#         93
  C:28F3H         LINE#         95
  C:28F6H         LINE#         97
  C:28F9H         LINE#         98
  -------         ENDPROC       INITSYS
  -------         ENDMOD        INITSYS

  -------         MODULE        LCD
  C:0000H         SYMBOL        _ICE_DUMMY_
  D:00B0H         PUBLIC        P3
  D:00C7H         PUBLIC        P4
  C:52E7H         PUBLIC        _LCD_setCursor
  C:2D45H         PUBLIC        _PutChar5_7
  C:530FH         PUBLIC        _WriteData
  C:3F88H         PUBLIC        _LCD_DrawBitmap16
  C:53AEH         PUBLIC        _SetTarget
  C:508EH         PUBLIC        _LCD_printC
  C:5232H         PUBLIC        _LCD_printHebC
  C:1772H         PUBLIC        font
  C:3070H         PUBLIC        LCD_begin
  C:2006H         PUBLIC        _PutChar5_7_2color
  C:3726H         PUBLIC        _LCD_println
  C:490DH         PUBLIC        _LCD_fillScreen
  X:01F4H         PUBLIC        PutcharTarget
  C:5343H         PUBLIC        _LCD_setTextSize
  C:47FDH         PUBLIC        _LCD_printCenter
  B:0098H.1       PUBLIC        TI0
  C:500EH         PUBLIC        _LCD_printHebln
  C:5384H         PUBLIC        _WriteCommand
  X:01F5H         PUBLIC        LCD
  C:4E3EH         PUBLIC        LCD_SetParam
  C:538DH         PUBLIC        LCD_WriteRAM_Prepare
  C:4AF6H         PUBLIC        _LCD_setRotation
  B:00B0H.3       PUBLIC        LCD_RS
  C:4B56H         PUBLIC        _LCD_printNumB
  C:5191H         PUBLIC        _LCD_printNumC
  C:4FE0H         PUBLIC        _LCD_print2C
  C:4885H         PUBLIC        _LCD_printHebCenter
  B:00B0H.4       PUBLIC        LCD_WR
  C:5125H         PUBLIC        _LCD_printNumF
  C:3A96H         PUBLIC        _LCD_DrawBitmap8
  C:5318H         PUBLIC        _LCD_setText1Color
BL51 BANKED LINKER/LOCATER V6.22.2.0                                                  05/03/2022  10:37:52  PAGE 16


  C:50DBH         PUBLIC        _LCD_printNumH
  C:51BFH         PUBLIC        _LCD_setText2Color
  C:50B5H         PUBLIC        _LCD_printNumI
  D:0099H         PUBLIC        SBUF0
  C:3986H         PUBLIC        _LCD_write
  C:4650H         PUBLIC        _Byte2Bin
  C:406FH         PUBLIC        _LCD_print
  C:4CE5H         PUBLIC        _LCD_drawPixel
  C:5262H         PUBLIC        _LCD_printHeb2C
  C:52D6H         PUBLIC        _WriteData16
  C:35E5H         PUBLIC        _LCD_printHeb
  C:45BDH         PUBLIC        _Int2Bin
  C:5149H         PUBLIC        _putchar
  C:4C01H         PUBLIC        _LCD_setAddrWindow
  C:530BH         SYMBOL        L?0207
  -------         PROC          L?0206
  -------         ENDPROC       L?0206
  C:530BH         SYMBOL        L?0207
  -------         PROC          _WRITEDATA
  D:0007H         SYMBOL        Data
  C:530FH         LINE#         23
  C:530FH         LINE#         24
  C:530FH         LINE#         25
  C:5311H         LINE#         26
  C:5313H         LINE#         28
  C:5315H         LINE#         29
  C:5317H         LINE#         30
  -------         ENDPROC       _WRITEDATA
  -------         PROC          _WRITECOMMAND
  D:0007H         SYMBOL        Reg
  C:5384H         LINE#         32
  C:5384H         LINE#         33
  C:5384H         LINE#         34
  C:5386H         LINE#         35
  C:5388H         LINE#         37
  C:538AH         LINE#         38
  C:538CH         LINE#         39
  -------         ENDPROC       _WRITECOMMAND
  -------         PROC          _WRITEDATA16
  D:0007H         SYMBOL        DH
  D:0005H         SYMBOL        DL
  C:52D6H         LINE#         41
  C:52D6H         LINE#         42
  C:52D6H         LINE#         43
  C:52D8H         LINE#         44
  C:52DAH         LINE#         45
  C:52DCH         LINE#         46
  C:52DEH         LINE#         48
  C:52E2H         LINE#         49
  C:52E4H         LINE#         50
  C:52E6H         LINE#         51
  -------         ENDPROC       _WRITEDATA16
  -------         PROC          LCD_WRITERAM_PREPARE
  C:538DH         LINE#         54
  C:538DH         LINE#         55
  C:538DH         LINE#         56
  -------         ENDPROC       LCD_WRITERAM_PREPARE
BL51 BANKED LINKER/LOCATER V6.22.2.0                                                  05/03/2022  10:37:52  PAGE 17


  -------         PROC          LCD_BEGIN
  C:3070H         LINE#         60
  C:3070H         LINE#         61
  C:3070H         LINE#         63
  C:3075H         LINE#         64
  C:307AH         LINE#         65
  C:307EH         LINE#         66
  C:3082H         LINE#         67
  C:3086H         LINE#         69
  C:308BH         LINE#         70
  C:308CH         LINE#         71
  C:308FH         LINE#         72
  C:3094H         LINE#         73
  C:3097H         LINE#         74
  C:309BH         LINE#         75
  C:309EH         LINE#         76
  C:309EH         LINE#         77
  C:30A1H         LINE#         78
  C:30A4H         LINE#         79
  C:30A7H         LINE#         80
  C:30ACH         LINE#         81
  C:30AFH         LINE#         82
  C:30B4H         LINE#         83
  C:30B9H         LINE#         84
  C:30BDH         LINE#         86
  C:30C2H         LINE#         87
  C:30C6H         LINE#         89
  C:30CBH         LINE#         90
  C:30D0H         LINE#         91
  C:30D5H         LINE#         92
  C:30D9H         LINE#         93
  C:30DEH         LINE#         94
  C:30E3H         LINE#         96
  C:30E8H         LINE#         97
  C:30EDH         LINE#         99
  C:30F2H         LINE#         100
  C:30F6H         LINE#         101
  C:30FBH         LINE#         102
  C:3100H         LINE#         103
  C:3105H         LINE#         104
  C:310AH         LINE#         105
  C:310EH         LINE#         106
  C:3113H         LINE#         107
  C:3118H         LINE#         108
  C:311DH         LINE#         109
  C:3122H         LINE#         110
  C:3126H         LINE#         111
  C:312BH         LINE#         113
  C:3130H         LINE#         114
  C:3135H         LINE#         115
  C:313AH         LINE#         116
  C:313FH         LINE#         118
  C:3144H         LINE#         119
  C:3149H         LINE#         120
  C:314EH         LINE#         122
  C:3153H         LINE#         123
  C:3158H         LINE#         124
BL51 BANKED LINKER/LOCATER V6.22.2.0                                                  05/03/2022  10:37:52  PAGE 18


  C:315DH         LINE#         126
  C:3162H         LINE#         127
  C:3167H         LINE#         128
  C:316CH         LINE#         130
  C:3171H         LINE#         131
  C:3176H         LINE#         132
  C:317BH         LINE#         134
  C:3180H         LINE#         135
  C:3184H         LINE#         137
  C:3189H         LINE#         138
  C:318EH         LINE#         140
  C:3193H         LINE#         141
  C:3198H         LINE#         143
  C:319DH         LINE#         144
  C:31A2H         LINE#         146
  C:31A4H         LINE#         147
  C:31A4H         LINE#         148
  C:31A7H         LINE#         149
  C:31ABH         LINE#         150
  C:31B0H         LINE#         152
  C:31B2H         LINE#         153
  C:31B2H         LINE#         154
  C:31B5H         LINE#         155
  C:31B9H         LINE#         156
  C:31BEH         LINE#         157
  C:31C4H         LINE#         159
  C:31C9H         LINE#         160
  C:31D0H         LINE#         162
  C:31D5H         LINE#         163
  C:31DAH         LINE#         165
  C:31DFH         LINE#         166
  C:31E5H         LINE#         168
  C:31E8H         LINE#         169
  C:31EDH         LINE#         170
  C:31F3H         LINE#         171
  C:31F8H         LINE#         172
  -------         ENDPROC       LCD_BEGIN
  -------         PROC          LCD_SETPARAM
  C:4E3EH         LINE#         175
  C:4E3EH         LINE#         176
  C:4E3EH         LINE#         177
  C:4E47H         LINE#         178
  C:4E4EH         LINE#         179
  C:4E57H         LINE#         181
  C:4E60H         LINE#         182
  C:4E68H         LINE#         183
  C:4E6EH         LINE#         184
  C:4E75H         LINE#         185
  C:4E7BH         LINE#         186
  C:4E7FH         LINE#         187
  -------         ENDPROC       LCD_SETPARAM
  -------         PROC          _LCD_SETADDRWINDOW
  X:0192H         SYMBOL        xStar
  D:0004H         SYMBOL        yStar
  D:0002H         SYMBOL        xEnd
  X:0198H         SYMBOL        yEnd
  C:4C01H         LINE#         190
BL51 BANKED LINKER/LOCATER V6.22.2.0                                                  05/03/2022  10:37:52  PAGE 19


  C:4C09H         LINE#         191
  C:4C09H         LINE#         192
  C:4C12H         LINE#         193
  C:4C1AH         LINE#         194
  C:4C20H         LINE#         195
  C:4C25H         LINE#         196
  C:4C2AH         LINE#         198
  C:4C33H         LINE#         199
  C:4C38H         LINE#         200
  C:4C3DH         LINE#         201
  C:4C45H         LINE#         202
  C:4C4BH         LINE#         204
  -------         ENDPROC       _LCD_SETADDRWINDOW
  -------         PROC          _LCD_FILLSCREEN
  X:014CH         SYMBOL        Color
  -------         DO            
  D:0006H         SYMBOL        i
  D:0004H         SYMBOL        j
  X:014EH         SYMBOL        DH
  D:0001H         SYMBOL        DL
  -------         ENDDO         
  C:490DH         LINE#         208
  C:4915H         LINE#         209
  C:4915H         LINE#         212
  C:493FH         LINE#         214
  C:4941H         LINE#         215
  C:494CH         LINE#         216
  C:4950H         LINE#         218
  C:495FH         LINE#         219
  C:495FH         LINE#         220
  C:496FH         LINE#         221
  C:496FH         LINE#         222
  C:4975H         LINE#         223
  C:4977H         LINE#         224
  C:4979H         LINE#         226
  C:497BH         LINE#         228
  C:497DH         LINE#         229
  C:497FH         LINE#         231
  C:4986H         LINE#         232
  C:498DH         LINE#         233
  -------         ENDPROC       _LCD_FILLSCREEN
  -------         PROC          _LCD_DRAWPIXEL
  X:018CH         SYMBOL        x
  X:018EH         SYMBOL        y
  X:0190H         SYMBOL        Color
  C:4CE5H         LINE#         236
  C:4CF9H         LINE#         237
  C:4CF9H         LINE#         238
  C:4D20H         LINE#         239
  -------         ENDPROC       _LCD_DRAWPIXEL
  -------         PROC          _LCD_SETROTATION
  D:0007H         SYMBOL        Direction
  C:4AF6H         LINE#         251
  C:4AF6H         LINE#         253
  C:4AFDH         LINE#         254
  C:4B0AH         LINE#         255
  C:4B0AH         LINE#         256
BL51 BANKED LINKER/LOCATER V6.22.2.0                                                  05/03/2022  10:37:52  PAGE 20


  C:4B0FH         LINE#         257
  C:4B11H         LINE#         258
  C:4B11H         LINE#         259
  C:4B11H         LINE#         260
  C:4B13H         LINE#         261
  C:4B13H         LINE#         262
  C:4B18H         LINE#         263
  C:4B1AH         LINE#         264
  C:4B1AH         LINE#         265
  C:4B1AH         LINE#         266
  C:4B1CH         LINE#         267
  C:4B1CH         LINE#         268
  C:4B21H         LINE#         269
  C:4B26H         LINE#         270
  C:4B30H         LINE#         271
  C:4B38H         LINE#         272
  C:4B39H         LINE#         273
  C:4B39H         LINE#         274
  C:4B3EH         LINE#         275
  C:4B43H         LINE#         276
  C:4B4DH         LINE#         277
  C:4B55H         LINE#         278
  C:4B55H         LINE#         279
  C:4B55H         LINE#         280
  -------         ENDPROC       _LCD_SETROTATION
  C:2D1EH         SYMBOL        L?0205
  -------         PROC          L?0204
  -------         ENDPROC       L?0204
  C:2D1EH         SYMBOL        L?0205
  -------         PROC          _PUTCHAR5_7
  X:0178H         SYMBOL        x
  X:017AH         SYMBOL        y
  D:0001H         SYMBOL        c
  X:017DH         SYMBOL        Size
  X:017FH         SYMBOL        Color
  -------         DO            
  X:0181H         SYMBOL        i
  X:0183H         SYMBOL        j
  X:0185H         SYMBOL        k
  X:0187H         SYMBOL        n
  X:0189H         SYMBOL        out_line
  -------         ENDDO         
  C:2D45H         LINE#         285
  C:2D55H         LINE#         286
  C:2D55H         LINE#         289
  C:2D63H         LINE#         290
  C:2D6AH         LINE#         291
  C:2D6AH         LINE#         292
  C:2D89H         LINE#         293
  C:2D89H         LINE#         295
  C:2DB0H         LINE#         297
  C:2DCDH         LINE#         298
  C:2DCDH         LINE#         299
  C:2DE1H         LINE#         300
  C:2DE1H         LINE#         301
  C:2E00H         LINE#         302
  C:2E7EH         LINE#         303
BL51 BANKED LINKER/LOCATER V6.22.2.0                                                  05/03/2022  10:37:52  PAGE 21


  C:2E7EH         LINE#         304
  C:2E92H         LINE#         305
  C:2EA6H         LINE#         306
  C:2EC8H         LINE#         307
  -------         ENDPROC       _PUTCHAR5_7
  C:1FD1H         SYMBOL        L?0203
  -------         PROC          L?0202
  -------         ENDPROC       L?0202
  C:1FD1H         SYMBOL        L?0203
  -------         PROC          _PUTCHAR5_7_2COLOR
  X:0178H         SYMBOL        x
  X:017AH         SYMBOL        y
  D:0001H         SYMBOL        c
  X:017DH         SYMBOL        Size
  X:017FH         SYMBOL        fColor
  X:0181H         SYMBOL        bColor
  -------         DO            
  X:0183H         SYMBOL        i
  X:0185H         SYMBOL        j
  X:0187H         SYMBOL        k
  X:0189H         SYMBOL        n
  X:018BH         SYMBOL        out_line
  -------         ENDDO         
  C:2006H         LINE#         309
  C:2016H         LINE#         310
  C:2016H         LINE#         313
  C:2024H         LINE#         315
  C:202BH         LINE#         316
  C:202BH         LINE#         318
  C:204AH         LINE#         319
  C:204AH         LINE#         320
  C:2059H         LINE#         321
  C:2078H         LINE#         323
  C:2095H         LINE#         324
  C:2095H         LINE#         325
  C:20A9H         LINE#         326
  C:20A9H         LINE#         327
  C:20C8H         LINE#         328
  C:2146H         LINE#         329
  C:2146H         LINE#         331
  C:2146H         LINE#         332
  C:2165H         LINE#         333
  C:21E3H         LINE#         334
  C:21E3H         LINE#         336
  C:21F4H         LINE#         337
  C:2205H         LINE#         338
  C:2227H         LINE#         340
  -------         ENDPROC       _PUTCHAR5_7_2COLOR
  -------         PROC          _LCD_SETCURSOR
  D:0006H         SYMBOL        x
  D:0004H         SYMBOL        y
  C:52E7H         LINE#         342
  C:52E7H         LINE#         343
  C:52E7H         LINE#         344
  C:52EFH         LINE#         345
  C:52F7H         LINE#         346
  -------         ENDPROC       _LCD_SETCURSOR
BL51 BANKED LINKER/LOCATER V6.22.2.0                                                  05/03/2022  10:37:52  PAGE 22


  -------         PROC          _LCD_SETTEXT1COLOR
  D:0006H         SYMBOL        Color
  C:5318H         LINE#         349
  C:5318H         LINE#         350
  C:5318H         LINE#         351
  C:531DH         LINE#         352
  C:5325H         LINE#         354
  -------         ENDPROC       _LCD_SETTEXT1COLOR
  -------         PROC          L?0208
  -------         ENDPROC       L?0208
  -------         PROC          _LCD_SETTEXT2COLOR
  D:0006H         SYMBOL        Color
  D:0004H         SYMBOL        background
  C:51BFH         LINE#         355
  C:51BFH         LINE#         356
  C:51BFH         LINE#         357
  C:51C5H         LINE#         358
  C:51CDH         LINE#         359
  C:51D5H         LINE#         361
  -------         ENDPROC       _LCD_SETTEXT2COLOR
  -------         PROC          L?0209
  -------         ENDPROC       L?0209
  -------         PROC          _LCD_SETTEXTSIZE
  D:0007H         SYMBOL        fontSize
  C:5343H         LINE#         363
  C:5343H         LINE#         364
  C:5343H         LINE#         365
  C:534BH         LINE#         366
  -------         ENDPROC       _LCD_SETTEXTSIZE
  -------         PROC          _LCD_PRINT
  X:0168H         SYMBOL        s
  C:406FH         LINE#         369
  C:407AH         LINE#         370
  C:407AH         LINE#         371
  C:408EH         LINE#         373
  C:4097H         LINE#         374
  C:409CH         LINE#         376
  C:40A6H         LINE#         378
  C:40B0H         LINE#         379
  C:40EEH         LINE#         380
  C:40EEH         LINE#         381
  C:40F5H         LINE#         382
  C:4140H         LINE#         383
  C:4147H         LINE#         384
  C:4147H         LINE#         385
  C:414AH         LINE#         386
  -------         ENDPROC       _LCD_PRINT
  -------         PROC          _LCD_PRINTLN
  X:0315H         SYMBOL        s
  C:3726H         LINE#         389
  C:3731H         LINE#         390
  C:3731H         LINE#         391
  C:3745H         LINE#         392
  C:3745H         LINE#         393
  C:374EH         LINE#         394
  C:3753H         LINE#         396
  C:375DH         LINE#         398
BL51 BANKED LINKER/LOCATER V6.22.2.0                                                  05/03/2022  10:37:52  PAGE 23


  C:3767H         LINE#         399
  C:37A5H         LINE#         400
  C:37A5H         LINE#         401
  C:37ACH         LINE#         402
  C:37F7H         LINE#         403
  C:37FEH         LINE#         404
  C:37FEH         LINE#         405
  C:37FEH         LINE#         406
  C:3801H         LINE#         407
  C:3808H         LINE#         408
  C:3851H         LINE#         409
  C:3858H         LINE#         410
  -------         ENDPROC       _LCD_PRINTLN
  -------         PROC          _LCD_PRINTC
  X:015DH         SYMBOL        x
  D:0004H         SYMBOL        y
  D:0001H         SYMBOL        s
  X:0164H         SYMBOL        fontSize
  X:0166H         SYMBOL        Color
  C:508EH         LINE#         413
  C:5096H         LINE#         414
  C:5096H         LINE#         416
  C:50A1H         LINE#         417
  C:50A7H         LINE#         418
  C:50B2H         LINE#         419
  -------         ENDPROC       _LCD_PRINTC
  -------         PROC          _LCD_PRINT2C
  X:0148H         SYMBOL        x
  X:014AH         SYMBOL        y
  D:0001H         SYMBOL        s
  X:014FH         SYMBOL        fontSize
  X:0151H         SYMBOL        fColor
  X:0153H         SYMBOL        bColor
  C:4FE0H         LINE#         424
  C:4FEEH         LINE#         425
  C:4FEEH         LINE#         427
  C:4FF4H         LINE#         428
  C:4FFAH         LINE#         429
  C:500BH         LINE#         430
  -------         ENDPROC       _LCD_PRINT2C
  -------         PROC          _LCD_PRINTCENTER
  X:028CH         SYMBOL        x
  X:028EH         SYMBOL        y
  X:0290H         SYMBOL        str
  X:0293H         SYMBOL        fontSize
  X:0294H         SYMBOL        fColor
  X:0296H         SYMBOL        bColor
  -------         DO            
  D:0006H         SYMBOL        len
  D:0006H         SYMBOL        x1
  -------         ENDDO         
  C:47FDH         LINE#         437
  C:4814H         LINE#         438
  C:4814H         LINE#         439
  C:4817H         LINE#         440
  C:4838H         LINE#         441
  -------         ENDPROC       _LCD_PRINTCENTER
BL51 BANKED LINKER/LOCATER V6.22.2.0                                                  05/03/2022  10:37:52  PAGE 24


  -------         PROC          _LCD_PRINTHEB
  X:02F0H         SYMBOL        str
  -------         DO            
  X:02F3H         SYMBOL        i
  X:02F5H         SYMBOL        temp
  -------         ENDDO         
  C:35E5H         LINE#         446
  C:35F0H         LINE#         447
  C:35F0H         LINE#         451
  C:361EH         LINE#         452
  C:362CH         LINE#         454
  C:363AH         LINE#         455
  C:3659H         LINE#         456
  C:3667H         LINE#         457
  C:3667H         LINE#         458
  C:3670H         LINE#         459
  C:367FH         LINE#         461
  C:368BH         LINE#         464
  C:36C9H         LINE#         465
  C:36C9H         LINE#         466
  C:36D0H         LINE#         467
  C:371BH         LINE#         468
  C:3722H         LINE#         469
  C:3722H         LINE#         470
  C:3722H         LINE#         471
  C:3725H         LINE#         472
  -------         ENDPROC       _LCD_PRINTHEB
  -------         PROC          _LCD_PRINTHEBLN
  D:0001H         SYMBOL        str
  C:500EH         LINE#         474
  C:500EH         LINE#         475
  C:500EH         LINE#         476
  C:5011H         LINE#         477
  C:5018H         LINE#         478
  C:503AH         LINE#         479
  -------         ENDPROC       _LCD_PRINTHEBLN
  -------         PROC          _LCD_PRINTHEBC
  D:0006H         SYMBOL        x
  D:0004H         SYMBOL        y
  D:0001H         SYMBOL        str
  X:02ABH         SYMBOL        fontSize
  X:02ADH         SYMBOL        fColor
  C:5232H         LINE#         482
  C:5232H         LINE#         483
  C:5232H         LINE#         484
  C:5235H         LINE#         485
  C:523EH         LINE#         486
  C:5249H         LINE#         487
  -------         ENDPROC       _LCD_PRINTHEBC
  -------         PROC          _LCD_PRINTHEB2C
  D:0006H         SYMBOL        x
  D:0004H         SYMBOL        y
  D:0001H         SYMBOL        str
  X:0286H         SYMBOL        fontSize
  X:0288H         SYMBOL        fColor
  X:028AH         SYMBOL        bColor
  C:5262H         LINE#         490
BL51 BANKED LINKER/LOCATER V6.22.2.0                                                  05/03/2022  10:37:52  PAGE 25


  C:5262H         LINE#         491
  C:5262H         LINE#         492
  C:5265H         LINE#         493
  C:526EH         LINE#         494
  C:5274H         LINE#         495
  -------         ENDPROC       _LCD_PRINTHEB2C
  -------         PROC          _LCD_PRINTHEBCENTER
  X:0298H         SYMBOL        x
  X:029AH         SYMBOL        y
  X:029CH         SYMBOL        str
  X:029FH         SYMBOL        fontSize
  X:02A0H         SYMBOL        fColor
  X:02A2H         SYMBOL        bColor
  -------         DO            
  D:0006H         SYMBOL        len
  D:0006H         SYMBOL        x1
  -------         ENDDO         
  C:4885H         LINE#         498
  C:489CH         LINE#         499
  C:489CH         LINE#         500
  C:489FH         LINE#         501
  C:48C0H         LINE#         502
  -------         ENDPROC       _LCD_PRINTHEBCENTER
  -------         PROC          _LCD_DRAWBITMAP8
  X:0245H         SYMBOL        x
  X:0247H         SYMBOL        y
  X:0249H         SYMBOL        SizeX
  X:024BH         SYMBOL        SizeY
  X:024DH         SYMBOL        pic
  -------         DO            
  X:0250H         SYMBOL        i
  D:0004H         SYMBOL        j
  X:0252H         SYMBOL        k
  -------         ENDDO         
  C:3A96H         LINE#         513
  C:3AACH         LINE#         514
  C:3AACH         LINE#         515
  C:3AB3H         LINE#         517
  C:3AF9H         LINE#         518
  C:3AFBH         LINE#         519
  C:3B1AH         LINE#         520
  C:3B2AH         LINE#         521
  C:3B2AH         LINE#         523
  C:3B4EH         LINE#         524
  C:3B50H         LINE#         525
  C:3B52H         LINE#         527
  C:3B73H         LINE#         528
  C:3B75H         LINE#         529
  C:3B77H         LINE#         531
  C:3B85H         LINE#         532
  C:3BA0H         LINE#         533
  -------         ENDPROC       _LCD_DRAWBITMAP8
  -------         PROC          _LCD_DRAWBITMAP16
  X:0254H         SYMBOL        x
  X:0256H         SYMBOL        y
  X:0258H         SYMBOL        SizeX
  X:025AH         SYMBOL        SizeY
BL51 BANKED LINKER/LOCATER V6.22.2.0                                                  05/03/2022  10:37:52  PAGE 26


  X:025CH         SYMBOL        pic
  -------         DO            
  X:025FH         SYMBOL        i
  D:0004H         SYMBOL        j
  X:0261H         SYMBOL        k
  -------         ENDDO         
  C:3F88H         LINE#         536
  C:3F9EH         LINE#         537
  C:3F9EH         LINE#         538
  C:3FA5H         LINE#         539
  C:3FECH         LINE#         540
  C:3FEEH         LINE#         542
  C:400AH         LINE#         543
  C:401AH         LINE#         544
  C:401AH         LINE#         545
  C:403FH         LINE#         546
  C:4041H         LINE#         547
  C:4043H         LINE#         549
  C:4045H         LINE#         550
  C:4047H         LINE#         551
  C:4049H         LINE#         553
  C:4057H         LINE#         554
  C:406EH         LINE#         555
  -------         ENDPROC       _LCD_DRAWBITMAP16
  -------         PROC          _LCD_PRINTNUMF
  D:0004H         SYMBOL        num
  -------         DO            
  X:0221H         SYMBOL        str
  -------         ENDDO         
  C:5125H         LINE#         574
  C:5125H         LINE#         575
  C:5125H         LINE#         577
  C:5140H         LINE#         578
  -------         ENDPROC       _LCD_PRINTNUMF
  -------         PROC          _LCD_PRINTNUMI
  D:0006H         SYMBOL        num
  -------         DO            
  X:02AFH         SYMBOL        str
  -------         ENDDO         
  C:50B5H         LINE#         581
  C:50B5H         LINE#         582
  C:50B5H         LINE#         584
  C:50D2H         LINE#         585
  -------         ENDPROC       _LCD_PRINTNUMI
  -------         PROC          _LCD_PRINTNUMC
  D:0007H         SYMBOL        num
  -------         DO            
  X:0302H         SYMBOL        str
  -------         ENDDO         
  C:5191H         LINE#         588
  C:5191H         LINE#         589
  C:5191H         LINE#         591
  C:51ABH         LINE#         592
  -------         ENDPROC       _LCD_PRINTNUMC
  -------         PROC          _LCD_PRINTNUMH
  D:0006H         SYMBOL        num
  -------         DO            
BL51 BANKED LINKER/LOCATER V6.22.2.0                                                  05/03/2022  10:37:52  PAGE 27


  X:0307H         SYMBOL        str
  -------         ENDDO         
  C:50DBH         LINE#         595
  C:50DBH         LINE#         596
  C:50DBH         LINE#         598
  C:50F8H         LINE#         599
  -------         ENDPROC       _LCD_PRINTNUMH
  -------         PROC          _LCD_PRINTNUMB
  D:0001H         SYMBOL        num
  -------         DO            
  X:02B9H         SYMBOL        str
  D:0004H         SYMBOL        i
  -------         ENDDO         
  C:4B56H         LINE#         602
  C:4B58H         LINE#         603
  C:4B58H         LINE#         606
  C:4B5BH         LINE#         607
  C:4B5BH         LINE#         608
  C:4B98H         LINE#         609
  C:4BA3H         LINE#         610
  C:4BA8H         LINE#         612
  -------         ENDPROC       _LCD_PRINTNUMB
  -------         PROC          _INT2BIN
  X:02E9H         SYMBOL        num
  X:02EBH         SYMBOL        str
  -------         DO            
  X:02EEH         SYMBOL        i
  -------         ENDDO         
  C:45BDH         LINE#         615
  C:45CEH         LINE#         616
  C:45CEH         LINE#         618
  C:45E5H         LINE#         619
  C:45E5H         LINE#         620
  C:462EH         LINE#         621
  C:463EH         LINE#         622
  -------         ENDPROC       _INT2BIN
  -------         PROC          _BYTE2BIN
  X:02F6H         SYMBOL        num
  X:02F7H         SYMBOL        str
  -------         DO            
  X:02FAH         SYMBOL        i
  -------         ENDDO         
  C:4650H         LINE#         625
  C:465EH         LINE#         626
  C:465EH         LINE#         628
  C:4675H         LINE#         629
  C:4675H         LINE#         630
  C:46C1H         LINE#         631
  C:46D1H         LINE#         632
  -------         ENDPROC       _BYTE2BIN
  -------         PROC          _SETTARGET
  D:0007H         SYMBOL        target
  C:53AEH         LINE#         635
  C:53AEH         LINE#         636
  C:53AEH         LINE#         637
  C:53B3H         LINE#         638
  -------         ENDPROC       _SETTARGET
BL51 BANKED LINKER/LOCATER V6.22.2.0                                                  05/03/2022  10:37:52  PAGE 28


  -------         PROC          _PUTCHAR
  X:0176H         SYMBOL        k
  C:5149H         LINE#         641
  C:514EH         LINE#         642
  C:514EH         LINE#         643
  C:5154H         LINE#         644
  C:515CH         LINE#         645
  C:515FH         LINE#         646
  C:515FH         LINE#         648
  C:515FH         LINE#         650
  C:5165H         LINE#         651
  C:5168H         LINE#         652
  C:516AH         LINE#         653
  C:516CH         LINE#         654
  C:516CH         LINE#         656
  -------         ENDPROC       _PUTCHAR
  -------         PROC          _LCD_WRITE
  X:0177H         SYMBOL        tav
  C:3986H         LINE#         659
  C:398BH         LINE#         660
  C:398BH         LINE#         661
  C:3995H         LINE#         662
  C:3995H         LINE#         663
  C:399BH         LINE#         664
  C:39D9H         LINE#         665
  C:39D9H         LINE#         666
  C:39DCH         LINE#         667
  C:39DCH         LINE#         668
  C:39E5H         LINE#         669
  C:39F4H         LINE#         671
  C:3A00H         LINE#         674
  C:3A3EH         LINE#         675
  C:3A3EH         LINE#         676
  C:3A45H         LINE#         677
  C:3A8EH         LINE#         678
  C:3A95H         LINE#         679
  C:3A95H         LINE#         680
  C:3A95H         LINE#         681
  -------         ENDPROC       _LCD_WRITE
  -------         ENDMOD        LCD

  -------         MODULE        SHAPE
  C:0000H         SYMBOL        _ICE_DUMMY_
  C:2EC9H         PUBLIC        __draw_circle_8
  D:00B0H         PUBLIC        P3
  D:00C7H         PUBLIC        P4
  C:3859H         PUBLIC        _ButtonTouch
  C:2228H         PUBLIC        _LCD_fillCircleHelper
  C:080EH         PUBLIC        _LCD_fillTriangle
  C:4482H         PUBLIC        _LCD_drawTriangle
  X:0000H         PUBLIC        LCD_Button
  C:34A0H         PUBLIC        _LCD_fillCircle
  C:3BA1H         PUBLIC        _LCD_drawCircle
  C:4DB8H         PUBLIC        _swap
  C:516DH         PUBLIC        LCD_clearButton
  C:46E3H         PUBLIC        _LCD_drawFastHLine
  C:4527H         PUBLIC        _LCD_drawFastVLine
BL51 BANKED LINKER/LOCATER V6.22.2.0                                                  05/03/2022  10:37:52  PAGE 29


  B:00B0H.3       PUBLIC        LCD_RS
  B:00B0H.4       PUBLIC        LCD_WR
  C:247BH         PUBLIC        _LCD_drawButton
  X:0118H         PUBLIC        n
  C:3E9AH         PUBLIC        _LCD_fillRect
  C:1ACEH         PUBLIC        _LCD_drawLine
  C:42F4H         PUBLIC        _LCD_drawRect
  C:3202H         PUBLIC        _LCD_fillRoundRect
  -------         PROC          _LCD_DRAWFASTVLINE
  X:017EH         SYMBOL        x
  X:0180H         SYMBOL        y
  X:0182H         SYMBOL        h
  X:0184H         SYMBOL        Color
  -------         DO            
  X:0186H         SYMBOL        i
  -------         ENDDO         
  C:4527H         LINE#         34
  C:453FH         LINE#         35
  C:453FH         LINE#         37
  C:456FH         LINE#         38
  C:459FH         LINE#         39
  C:45BCH         LINE#         40
  -------         ENDPROC       _LCD_DRAWFASTVLINE
  -------         PROC          _LCD_DRAWFASTHLINE
  X:02C3H         SYMBOL        x
  X:02C5H         SYMBOL        y
  X:02C7H         SYMBOL        w
  X:02C9H         SYMBOL        Color
  -------         DO            
  X:02CBH         SYMBOL        j
  -------         ENDDO         
  C:46E3H         LINE#         43
  C:46F9H         LINE#         44
  C:46F9H         LINE#         46
  C:4723H         LINE#         47
  C:4753H         LINE#         48
  C:4770H         LINE#         49
  -------         ENDPROC       _LCD_DRAWFASTHLINE
  -------         PROC          _LCD_DRAWLINE
  X:019AH         SYMBOL        x1
  X:019CH         SYMBOL        y1
  D:0002H         SYMBOL        x2
  X:01A0H         SYMBOL        y2
  X:01A2H         SYMBOL        Color
  -------         DO            
  X:01A4H         SYMBOL        t
  X:01A6H         SYMBOL        xerr
  X:01A8H         SYMBOL        yerr
  X:01AAH         SYMBOL        delta_x
  X:01ACH         SYMBOL        delta_y
  X:01AEH         SYMBOL        distance
  X:01B0H         SYMBOL        incx
  X:01B2H         SYMBOL        incy
  X:01B4H         SYMBOL        uRow
  X:01B6H         SYMBOL        uCol
  -------         ENDDO         
  C:1ACEH         LINE#         51
BL51 BANKED LINKER/LOCATER V6.22.2.0                                                  05/03/2022  10:37:52  PAGE 30


  C:1ADCH         LINE#         52
  C:1ADCH         LINE#         54
  C:1AE7H         LINE#         57
  C:1B10H         LINE#         58
  C:1B26H         LINE#         59
  C:1B4FH         LINE#         60
  C:1B78H         LINE#         62
  C:1B8DH         LINE#         63
  C:1BA8H         LINE#         64
  C:1BB7H         LINE#         65
  C:1BBDH         LINE#         66
  C:1BD9H         LINE#         67
  C:1BE5H         LINE#         68
  C:1BFAH         LINE#         69
  C:1C16H         LINE#         70
  C:1C22H         LINE#         71
  C:1C37H         LINE#         72
  C:1C5DH         LINE#         73
  C:1C62H         LINE#         74
  C:1C87H         LINE#         75
  C:1C87H         LINE#         76
  C:1CA0H         LINE#         77
  C:1CB4H         LINE#         78
  C:1CC8H         LINE#         79
  C:1CE4H         LINE#         80
  C:1CE4H         LINE#         81
  C:1CF0H         LINE#         82
  C:1D04H         LINE#         83
  C:1D04H         LINE#         84
  C:1D20H         LINE#         85
  C:1D20H         LINE#         86
  C:1D2CH         LINE#         87
  C:1D40H         LINE#         88
  C:1D40H         LINE#         89
  C:1D51H         LINE#         90
  -------         ENDPROC       _LCD_DRAWLINE
  -------         PROC          _LCD_DRAWRECT
  X:02CDH         SYMBOL        x
  X:02CFH         SYMBOL        y
  X:02D1H         SYMBOL        w
  X:02D3H         SYMBOL        h
  X:02D5H         SYMBOL        Color
  C:42F4H         LINE#         93
  C:4308H         LINE#         94
  C:4308H         LINE#         95
  C:431EH         LINE#         96
  C:435BH         LINE#         98
  C:4383H         LINE#         99
  -------         ENDPROC       _LCD_DRAWRECT
  -------         PROC          _LCD_FILLRECT
  X:0169H         SYMBOL        x
  X:016BH         SYMBOL        y
  X:016DH         SYMBOL        w
  X:016FH         SYMBOL        h
  X:0171H         SYMBOL        Color
  -------         DO            
  X:0173H         SYMBOL        i
BL51 BANKED LINKER/LOCATER V6.22.2.0                                                  05/03/2022  10:37:52  PAGE 31


  D:0006H         SYMBOL        j
  X:0175H         SYMBOL        DH
  D:0001H         SYMBOL        DL
  -------         ENDDO         
  C:3E9AH         LINE#         103
  C:3EB0H         LINE#         104
  C:3EB0H         LINE#         108
  C:3EFAH         LINE#         110
  C:3EFCH         LINE#         111
  C:3F09H         LINE#         112
  C:3F0DH         LINE#         114
  C:3F3DH         LINE#         115
  C:3F3DH         LINE#         116
  C:3F60H         LINE#         117
  C:3F60H         LINE#         118
  C:3F66H         LINE#         119
  C:3F68H         LINE#         120
  C:3F6AH         LINE#         122
  C:3F6CH         LINE#         124
  C:3F6EH         LINE#         125
  C:3F70H         LINE#         127
  C:3F77H         LINE#         128
  C:3F87H         LINE#         129
  -------         ENDPROC       _LCD_FILLRECT
  -------         PROC          __DRAW_CIRCLE_8
  X:02D7H         SYMBOL        xc
  X:02D9H         SYMBOL        yc
  X:02DBH         SYMBOL        x
  X:02DDH         SYMBOL        y
  X:02DFH         SYMBOL        c
  C:2EC9H         LINE#         134
  C:2EE1H         LINE#         135
  C:2EE1H         LINE#         136
  C:2F03H         LINE#         138
  C:2F37H         LINE#         140
  C:2F6BH         LINE#         142
  C:2FA0H         LINE#         144
  C:2FD3H         LINE#         146
  C:3007H         LINE#         148
  C:303BH         LINE#         150
  -------         ENDPROC       __DRAW_CIRCLE_8
  -------         PROC          _LCD_DRAWCIRCLE
  X:0263H         SYMBOL        xc
  X:0265H         SYMBOL        yc
  D:0002H         SYMBOL        r
  X:0269H         SYMBOL        c
  -------         DO            
  X:026BH         SYMBOL        x
  X:026DH         SYMBOL        y
  X:026FH         SYMBOL        d
  -------         ENDDO         
  C:3BA1H         LINE#         155
  C:3BAFH         LINE#         156
  C:3BAFH         LINE#         157
  C:3BBCH         LINE#         159
  C:3BD0H         LINE#         161
  C:3BEFH         LINE#         162
BL51 BANKED LINKER/LOCATER V6.22.2.0                                                  05/03/2022  10:37:52  PAGE 32


  C:3C19H         LINE#         163
  C:3C29H         LINE#         164
  C:3C4AH         LINE#         165
  C:3C4CH         LINE#         166
  C:3C81H         LINE#         167
  C:3C8FH         LINE#         168
  C:3C8FH         LINE#         169
  C:3CA0H         LINE#         170
  C:3CA3H         LINE#         171
  -------         ENDPROC       _LCD_DRAWCIRCLE
  -------         PROC          _LCD_FILLCIRCLE
  X:0235H         SYMBOL        xc
  X:0237H         SYMBOL        yc
  D:0002H         SYMBOL        r
  X:023BH         SYMBOL        c
  -------         DO            
  X:023DH         SYMBOL        x
  X:023FH         SYMBOL        y
  X:0241H         SYMBOL        yi
  X:0243H         SYMBOL        d
  -------         ENDDO         
  C:34A0H         LINE#         174
  C:34AEH         LINE#         175
  C:34AEH         LINE#         176
  C:34BBH         LINE#         178
  C:34CFH         LINE#         180
  C:34EEH         LINE#         181
  C:3511H         LINE#         182
  C:355AH         LINE#         184
  C:356AH         LINE#         185
  C:358BH         LINE#         186
  C:358DH         LINE#         187
  C:35C2H         LINE#         188
  C:35D0H         LINE#         189
  C:35D0H         LINE#         190
  C:35E1H         LINE#         191
  C:35E4H         LINE#         192
  -------         ENDPROC       _LCD_FILLCIRCLE
  -------         PROC          _SWAP
  X:02FCH         SYMBOL        a
  X:02FFH         SYMBOL        b
  -------         DO            
  D:0006H         SYMBOL        temp
  -------         ENDDO         
  C:4DB8H         LINE#         194
  C:4DC3H         LINE#         195
  C:4DC3H         LINE#         196
  C:4DC9H         LINE#         197
  C:4DEAH         LINE#         198
  -------         ENDPROC       _SWAP
  -------         PROC          _LCD_DRAWTRIANGLE
  X:0271H         SYMBOL        x1
  X:0273H         SYMBOL        y1
  X:0275H         SYMBOL        x2
  X:0277H         SYMBOL        y2
  X:0279H         SYMBOL        x3
  X:027BH         SYMBOL        y3
BL51 BANKED LINKER/LOCATER V6.22.2.0                                                  05/03/2022  10:37:52  PAGE 33


  X:027DH         SYMBOL        Color
  C:4482H         LINE#         202
  C:4496H         LINE#         203
  C:4496H         LINE#         204
  C:44B9H         LINE#         205
  C:44F0H         LINE#         206
  -------         ENDPROC       _LCD_DRAWTRIANGLE
  -------         PROC          _LCD_FILLTRIANGLE
  X:01B8H         SYMBOL        x1
  X:01BAH         SYMBOL        y1
  X:01BCH         SYMBOL        x2
  X:01BEH         SYMBOL        y2
  X:01C0H         SYMBOL        x3
  X:01C2H         SYMBOL        y3
  X:01C4H         SYMBOL        Color
  -------         DO            
  X:01C6H         SYMBOL        i
  X:01C8H         SYMBOL        j
  X:01CAH         SYMBOL        px1
  X:01CCH         SYMBOL        px2
  X:01CEH         SYMBOL        xmax
  X:01D0H         SYMBOL        xmin
  X:01D2H         SYMBOL        tempy
  X:01D4H         SYMBOL        tempx
  -------         ENDDO         
  C:080EH         LINE#         210
  C:0826H         LINE#         211
  C:0826H         LINE#         217
  C:083AH         LINE#         218
  C:083AH         LINE#         219
  C:084AH         LINE#         220
  C:0852H         LINE#         221
[...]
  -------         ENDPROC       _TOUCHSET
  -------         ENDMOD        TOUCH

  -------         MODULE        24C32SYS
  C:0000H         SYMBOL        _ICE_DUMMY_
  C:4C4EH         PUBLIC        _R24c32
BL51 BANKED LINKER/LOCATER V6.22.2.0                                                  05/03/2022  10:37:52  PAGE 41


  D:00B0H         PUBLIC        P3
  C:4DFBH         PUBLIC        _W24c32
  -------         PROC          _W24C32
  X:0311H         SYMBOL        devAdr
  X:0312H         SYMBOL        add
  X:0314H         SYMBOL        outchar
  -------         DO            
  B:0021H.1       SYMBOL        ask
  -------         ENDDO         
  C:4DFBH         LINE#         6
  C:4E09H         LINE#         7
  C:4E09H         LINE#         8
  C:4E0BH         LINE#         9
  C:4E0EH         LINE#         10
  C:4E1CH         LINE#         11
  C:4E1CH         LINE#         13
  C:4E27H         LINE#         14
  C:4E31H         LINE#         15
  C:4E31H         LINE#         16
  C:4E34H         LINE#         17
  C:4E3BH         LINE#         18
  C:4E3DH         LINE#         20
  -------         ENDPROC       _W24C32
  -------         PROC          _R24C32
  X:014CH         SYMBOL        devAdr
  X:014DH         SYMBOL        add
  -------         DO            
  X:014FH         SYMBOL        inchar
  -------         ENDDO         
  C:4C4EH         LINE#         23
  C:4C59H         LINE#         24
  C:4C59H         LINE#         26
  C:4C5CH         LINE#         27
  C:4C5FH         LINE#         28
  C:4C6DH         LINE#         29
  C:4C6DH         LINE#         31
  C:4C76H         LINE#         33
  C:4C79H         LINE#         34
  C:4C7CH         LINE#         36
  C:4C88H         LINE#         37
  C:4C92H         LINE#         38
  C:4C92H         LINE#         39
  C:4C95H         LINE#         40
  C:4C9AH         LINE#         41
  -------         ENDPROC       _R24C32
  -------         ENDMOD        24C32SYS

  -------         MODULE        I2CSYS
  C:0000H         SYMBOL        _ICE_DUMMY_
  D:00B0H         PUBLIC        P3
  C:534CH         PUBLIC        start
  B:00B0H.1       PUBLIC        sda
  B:00B0H.0       PUBLIC        scl
  C:528CH         PUBLIC        stop
  C:4A0BH         PUBLIC        readbyte
  C:498EH         PUBLIC        _writebyte
  -------         PROC          START
BL51 BANKED LINKER/LOCATER V6.22.2.0                                                  05/03/2022  10:37:52  PAGE 42


  C:534CH         LINE#         10
  C:534CH         LINE#         11
  C:534CH         LINE#         12
  C:534EH         LINE#         13
  C:5355H         LINE#         14
  C:5357H         LINE#         15
  -------         ENDPROC       START
  -------         PROC          STOP
  C:528CH         LINE#         18
  C:528CH         LINE#         19
  C:528CH         LINE#         20
  C:528EH         LINE#         21
  C:5290H         LINE#         22
  C:5297H         LINE#         23
  C:5299H         LINE#         24
  -------         ENDPROC       STOP
  -------         PROC          _WRITEBYTE
  X:0150H         SYMBOL        outchar
  -------         DO            
  B:0020H.0       SYMBOL        ack
  X:0151H         SYMBOL        i
  -------         ENDDO         
  C:498EH         LINE#         28
  C:4993H         LINE#         29
  C:4993H         LINE#         33
  C:49AAH         LINE#         34
  C:49AAH         LINE#         35
  C:49C7H         LINE#         36
  C:49CEH         LINE#         37
  C:49D0H         LINE#         38
  C:49D7H         LINE#         39
  C:49D9H         LINE#         40
  C:49E9H         LINE#         43
  C:49F0H         LINE#         45
  C:49F2H         LINE#         46
  C:49F4H         LINE#         47
  C:49FBH         LINE#         48
  C:49FFH         LINE#         49
  C:4A01H         LINE#         50
  C:4A08H         LINE#         51
  C:4A0AH         LINE#         52
  -------         ENDPROC       _WRITEBYTE
  -------         PROC          READBYTE
  B:0020H.0       SYMBOL        ask_master
  -------         DO            
  X:0150H         SYMBOL        inchar
  X:0151H         SYMBOL        i
  -------         ENDDO         
  C:4A0BH         LINE#         55
  C:4A0BH         LINE#         56
  C:4A0BH         LINE#         57
  C:4A10H         LINE#         59
  C:4A12H         LINE#         60
  C:4A16H         LINE#         61
  C:4A16H         LINE#         62
  C:4A18H         LINE#         63
  C:4A1FH         LINE#         65
BL51 BANKED LINKER/LOCATER V6.22.2.0                                                  05/03/2022  10:37:52  PAGE 43


  C:4A39H         LINE#         66
  C:4A3BH         LINE#         67
  C:4A42H         LINE#         68
  C:4A61H         LINE#         72
  C:4A65H         LINE#         73
  C:4A6CH         LINE#         74
  C:4A6EH         LINE#         75
  C:4A75H         LINE#         76
  C:4A77H         LINE#         77
  C:4A7EH         LINE#         78
  C:4A83H         LINE#         79
  -------         ENDPROC       READBYTE
  -------         ENDMOD        I2CSYS

  -------         MODULE        ISD4004SPI
  C:0000H         SYMBOL        _ICE_DUMMY_
  D:00A2H         PUBLIC        SPI0CKR
  D:0080H         PUBLIC        P0
  C:4F77H         PUBLIC        _reverse
  D:00B0H         PUBLIC        P3
  C:4F3CH         PUBLIC        ReadStatus
  C:4EC1H         PUBLIC        _Play
  B:0080H.3       PUBLIC        SS
  B:00F8H.7       PUBLIC        SPIF
  B:00B0H.6       PUBLIC        rec
  C:5204H         PUBLIC        _SpiWrite
  C:4E87H         PUBLIC        _SpiWriteAddCode
  C:4D2DH         PUBLIC        _PlayI
  C:4A84H         PUBLIC        _Record
  B:0080H.6       PUBLIC        INT
  D:00A3H         PUBLIC        SPI0DAT
  -------         PROC          L?0024
  -------         ENDPROC       L?0024
  -------         PROC          _SPIWRITE
  D:0007H         SYMBOL        cod
  C:5204H         LINE#         11
  C:5204H         LINE#         12
  C:5204H         LINE#         13
  C:5206H         LINE#         14
  C:5208H         LINE#         15
  C:520DH         LINE#         16
  C:5210H         LINE#         17
  C:5212H         LINE#         18
  C:5214H         LINE#         19
  -------         ENDPROC       _SPIWRITE
  -------         PROC          L?0025
  -------         ENDPROC       L?0025
  -------         PROC          _SPIWRITEADDCODE
  X:0149H         SYMBOL        add
  X:014BH         SYMBOL        cod
  C:4E87H         LINE#         23
  C:4E94H         LINE#         24
  C:4E94H         LINE#         25
  C:4E96H         LINE#         26
  C:4E98H         LINE#         27
  C:4E9DH         LINE#         28
  C:4EA0H         LINE#         29
BL51 BANKED LINKER/LOCATER V6.22.2.0                                                  05/03/2022  10:37:52  PAGE 44


  C:4EA2H         LINE#         30
  C:4EACH         LINE#         31
  C:4EAFH         LINE#         32
  C:4EB1H         LINE#         33
  C:4EBBH         LINE#         34
  C:4EBEH         LINE#         35
  C:4EC0H         LINE#         36
  -------         ENDPROC       _SPIWRITEADDCODE
  -------         PROC          _PLAY
  X:0318H         SYMBOL        add
  -------         DO            
  X:031AH         SYMBOL        temp
  -------         ENDDO         
  C:4EC1H         LINE#         40
  C:4EC9H         LINE#         41
  C:4EC9H         LINE#         43
  C:4ECDH         LINE#         44
  C:4ED0H         LINE#         46
  C:4EE2H         LINE#         48
  C:4EE5H         LINE#         49
  C:4EECH         LINE#         50
  C:4EF2H         LINE#         55
  C:4EF9H         LINE#         57
  C:4EFFH         LINE#         58
  -------         ENDPROC       _PLAY
  -------         PROC          _PLAYI
  X:0146H         SYMBOL        add
  -------         DO            
  X:0148H         SYMBOL        temp
  -------         ENDDO         
  C:4D2DH         LINE#         60
  C:4D35H         LINE#         61
  C:4D35H         LINE#         63
  C:4D39H         LINE#         64
  C:4D3CH         LINE#         66
  C:4D4EH         LINE#         68
  C:4D51H         LINE#         69
  C:4D58H         LINE#         70
  C:4D5EH         LINE#         72
  C:4D61H         LINE#         73
  C:4D66H         LINE#         75
  C:4D6DH         LINE#         77
  C:4D73H         LINE#         78
  -------         ENDPROC       _PLAYI
  -------         PROC          _RECORD
  X:0146H         SYMBOL        add
  -------         DO            
  X:0148H         SYMBOL        temp
  -------         ENDDO         
  C:4A84H         LINE#         82
  C:4A8CH         LINE#         83
  C:4A8CH         LINE#         85
  C:4A90H         LINE#         86
  C:4A93H         LINE#         88
  C:4AB1H         LINE#         89
  C:4AB4H         LINE#         90
  C:4ABBH         LINE#         92
BL51 BANKED LINKER/LOCATER V6.22.2.0                                                  05/03/2022  10:37:52  PAGE 45


  C:4AC0H         LINE#         93
  C:4AC7H         LINE#         94
  C:4ACCH         LINE#         95
  C:4AD3H         LINE#         96
  C:4AE0H         LINE#         97
  C:4AE3H         LINE#         98
  C:4AE8H         LINE#         99
  C:4AEFH         LINE#         101
  C:4AF5H         LINE#         102
  -------         ENDPROC       _RECORD
  -------         PROC          READSTATUS
  -------         DO            
  X:030CH         SYMBOL        temp
  X:030DH         SYMBOL        status
  -------         ENDDO         
  C:4F3CH         LINE#         105
  C:4F3CH         LINE#         106
  C:4F3CH         LINE#         108
  C:4F46H         LINE#         109
  C:4F4CH         LINE#         110
  C:4F4FH         LINE#         112
  C:4F51H         LINE#         114
  C:4F53H         LINE#         115
  C:4F56H         LINE#         116
  C:4F59H         LINE#         117
  C:4F68H         LINE#         119
  C:4F6AH         LINE#         120
  C:4F70H         LINE#         122
  C:4F76H         LINE#         123
  -------         ENDPROC       READSTATUS
  -------         PROC          _REVERSE
  X:014CH         SYMBOL        num
  C:4F77H         LINE#         127
  C:4F7CH         LINE#         128
  C:4F7CH         LINE#         129
  C:4F8BH         LINE#         130
  C:4F9CH         LINE#         131
  C:4FA9H         LINE#         132
  C:4FABH         LINE#         133
  -------         ENDPROC       _REVERSE
  -------         ENDMOD        ISD4004SPI

  -------         MODULE        FINGERPRINT
  C:0000H         SYMBOL        _ICE_DUMMY_
  D:0080H         PUBLIC        P0
  D:00B0H         PUBLIC        P3
  X:020BH         PUBLIC        PageID
  C:52B2H         PUBLIC        ClearFIFO
  C:53A6H         PUBLIC        GETCHAR0
  C:5358H         PUBLIC        GETCHAR1
  X:020DH         PUBLIC        D
  C:539EH         PUBLIC        _PUTCHAR0
  C:52CAH         PUBLIC        _PUTCHAR1
  B:0098H.0       PUBLIC        RI0
  B:0098H.1       PUBLIC        TI0
  C:4CC7H         PUBLIC        generate
  D:0099H         PUBLIC        SBUF0
BL51 BANKED LINKER/LOCATER V6.22.2.0                                                  05/03/2022  10:37:52  PAGE 46


  C:2B16H         PUBLIC        FindFinger
  D:00D3H         PUBLIC        SBUF1
  D:00D2H         PUBLIC        SCON1
  C:4CBBH         PUBLIC        collect
  C:4CD4H         PUBLIC        search
  -------         PROC          CLEARFIFO
  -------         DO            
  X:0148H         SYMBOL        tav
  -------         ENDDO         
  C:52B2H         LINE#         13
  C:52B2H         LINE#         14
  C:52B2H         LINE#         17
  C:52B2H         LINE#         18
  C:52B5H         LINE#         19
  C:52BBH         LINE#         20
  C:52BBH         LINE#         21
  C:52C0H         LINE#         22
  C:52C3H         LINE#         23
  -------         ENDPROC       CLEARFIFO
  C:52C4H         SYMBOL        L?0051
  -------         PROC          L?0050
  -------         ENDPROC       L?0050
  C:52C4H         SYMBOL        L?0051
  -------         PROC          _PUTCHAR1
  D:0007H         SYMBOL        tav
  C:52CAH         LINE#         25
  C:52CAH         LINE#         26
  C:52CAH         LINE#         27
  C:52CCH         LINE#         28
  C:52D2H         LINE#         29
  C:52D5H         LINE#         30
  -------         ENDPROC       _PUTCHAR1
  -------         PROC          GETCHAR1
  -------         DO            
  D:0007H         SYMBOL        tav
  -------         ENDDO         
  C:5358H         LINE#         32
  C:5358H         LINE#         33
  C:5358H         LINE#         36
  C:535EH         LINE#         37
  C:5361H         LINE#         38
  C:5363H         LINE#         39
  C:5363H         LINE#         40
  -------         ENDPROC       GETCHAR1
  -------         PROC          _PUTCHAR0
  D:0007H         SYMBOL        tav
  C:539EH         LINE#         43
  C:539EH         LINE#         44
  C:539EH         LINE#         45
  C:53A0H         LINE#         46
  C:53A3H         LINE#         47
  C:53A5H         LINE#         48
  -------         ENDPROC       _PUTCHAR0
  -------         PROC          GETCHAR0
  C:53A6H         LINE#         50
  C:53A6H         LINE#         51
  C:53A6H         LINE#         52
BL51 BANKED LINKER/LOCATER V6.22.2.0                                                  05/03/2022  10:37:52  PAGE 47


  C:53A9H         LINE#         53
  C:53ABH         LINE#         54
  C:53ADH         LINE#         55
  -------         ENDPROC       GETCHAR0
  -------         PROC          FINDFINGER
  -------         DO            
  X:0146H         SYMBOL        i
  -------         ENDDO         
  C:2B16H         LINE#         56
  C:2B16H         LINE#         57
  C:2B16H         LINE#         59
  C:2B19H         LINE#         62
  C:2B40H         LINE#         64
  C:2B40H         LINE#         65
  C:2B59H         LINE#         66
  C:2B73H         LINE#         68
  C:2B7AH         LINE#         69
  C:2BAEH         LINE#         71
  C:2BB5H         LINE#         72
  C:2BB5H         LINE#         73
  C:2BBBH         LINE#         77
  C:2BE1H         LINE#         79
  C:2BE1H         LINE#         80
  C:2BFAH         LINE#         81
  C:2C14H         LINE#         83
  C:2C1BH         LINE#         84
  C:2C4FH         LINE#         86
  C:2C56H         LINE#         87
  C:2C56H         LINE#         88
  C:2C5CH         LINE#         91
  C:2C82H         LINE#         93
  C:2C9BH         LINE#         94
  C:2CB5H         LINE#         95
  C:2CBCH         LINE#         96
  C:2CF0H         LINE#         98
  C:2CF6H         LINE#         99
  C:2CF6H         LINE#         100
  C:2D09H         LINE#         101
  C:2D0EH         LINE#         102
  C:2D0EH         LINE#         104
  C:2D0EH         LINE#         105
  C:2D11H         LINE#         106
  C:2D11H         LINE#         107
  -------         ENDPROC       FINDFINGER
  -------         ENDMOD        FINGERPRINT

  -------         MODULE        PRINTF
  X:0146H         PUBLIC        ?_PRINTF?BYTE
  X:0146H         PUBLIC        ?_SPRINTF?BYTE
  C:134CH         PUBLIC        _PRINTF
  C:1346H         PUBLIC        _SPRINTF
  -------         ENDMOD        PRINTF

  -------         MODULE        ?C?FPROUND
  C:0003H         PUBLIC        ?C?FPROUND
  -------         ENDMOD        ?C?FPROUND

BL51 BANKED LINKER/LOCATER V6.22.2.0                                                  05/03/2022  10:37:52  PAGE 48


  -------         MODULE        ?C?FPCONVERT
  C:0040H         PUBLIC        ?C?FPCONVERT
  -------         ENDMOD        ?C?FPCONVERT

  -------         MODULE        ?C?FPADD
  C:014CH         PUBLIC        ?C?FPADD
  C:0148H         PUBLIC        ?C?FPSUB
  -------         ENDMOD        ?C?FPADD

  -------         MODULE        ?C?FPMUL
  C:023DH         PUBLIC        ?C?FPMUL
  -------         ENDMOD        ?C?FPMUL

  -------         MODULE        ?C?FPDIV
  C:0346H         PUBLIC        ?C?FPDIV
  -------         ENDMOD        ?C?FPDIV

  -------         MODULE        ?C?FTNPWR
  C:0413H         PUBLIC        ?C?FTNPWR
  -------         ENDMOD        ?C?FTNPWR

  -------         MODULE        ?C?CLDPTR
  C:049DH         PUBLIC        ?C?CLDPTR
  -------         ENDMOD        ?C?CLDPTR

  -------         MODULE        ?C?CLDOPTR
  C:04B6H         PUBLIC        ?C?CLDOPTR
  -------         ENDMOD        ?C?CLDOPTR

  -------         MODULE        ?C?CSTPTR
  C:04E3H         PUBLIC        ?C?CSTPTR
  -------         ENDMOD        ?C?CSTPTR

  -------         MODULE        ?C?CSTOPTR
  C:04F5H         PUBLIC        ?C?CSTOPTR
  -------         ENDMOD        ?C?CSTOPTR

  -------         MODULE        ?C?IMUL
  C:0517H         PUBLIC        ?C?IMUL
  -------         ENDMOD        ?C?IMUL

  -------         MODULE        ?C?SIDIV
  C:0529H         PUBLIC        ?C?SIDIV
  -------         ENDMOD        ?C?SIDIV

  -------         MODULE        ?C?IILDX
  C:055FH         PUBLIC        ?C?IILDX
  -------         ENDMOD        ?C?IILDX

  -------         MODULE        ?C?ILDIX
  C:0575H         PUBLIC        ?C?ILDIX
  -------         ENDMOD        ?C?ILDIX

  -------         MODULE        ?C?ILDPTR
  C:058BH         PUBLIC        ?C?ILDPTR
  -------         ENDMOD        ?C?ILDPTR

BL51 BANKED LINKER/LOCATER V6.22.2.0                                                  05/03/2022  10:37:52  PAGE 49


  -------         MODULE        ?C?ILDOPTR
  C:05B6H         PUBLIC        ?C?ILDOPTR
  -------         ENDMOD        ?C?ILDOPTR

  -------         MODULE        ?C?ISTPTR
  C:05EEH         PUBLIC        ?C?ISTPTR
  -------         ENDMOD        ?C?ISTPTR

  -------         MODULE        ?C?LMUL
  C:060DH         PUBLIC        ?C?LMUL
  -------         ENDMOD        ?C?LMUL

  -------         MODULE        ?C?SLDIV
  C:4D74H         PUBLIC        ?C?SLDIV
  -------         ENDMOD        ?C?SLDIV

  -------         MODULE        ?C?LSTXDATA
  C:065CH         PUBLIC        ?C?LSTXDATA
  -------         ENDMOD        ?C?LSTXDATA

  -------         MODULE        ?C?LSTKXDATA
  C:0668H         PUBLIC        ?C?LSTKXDATA
  -------         ENDMOD        ?C?LSTKXDATA

  -------         MODULE        ?C?OFFXADD
  C:0699H         PUBLIC        ?C?OFFXADD
  -------         ENDMOD        ?C?OFFXADD

  -------         MODULE        ?C?PLDIXDATA
  C:06A5H         PUBLIC        ?C?PLDIXDATA
  -------         ENDMOD        ?C?PLDIXDATA

  -------         MODULE        ?C?PSTXDATA
  C:06BCH         PUBLIC        ?C?PSTXDATA
  -------         ENDMOD        ?C?PSTXDATA

  -------         MODULE        ?C?CCASE
  C:06C5H         PUBLIC        ?C?CCASE
  -------         ENDMOD        ?C?CCASE

  -------         MODULE        ABS
  C:5364H         PUBLIC        _ABS
  -------         ENDMOD        ABS

  -------         MODULE        STRLEN
  C:5277H         PUBLIC        _STRLEN
  -------         ENDMOD        STRLEN

  -------         MODULE        ?C?UIDIV
  C:06EBH         PUBLIC        ?C?UIDIV
  -------         ENDMOD        ?C?UIDIV

  -------         MODULE        ?C?ULDIV
  C:077CH         PUBLIC        ?C?ULDIV
  -------         ENDMOD        ?C?ULDIV

Program Size: data=15.2 xdata=795 code=21433
BL51 BANKED LINKER/LOCATER V6.22.2.0                                                  05/03/2022  10:37:52  PAGE 50


LINK/LOCATE RUN COMPLETE.  0 WARNING(S),  0 ERROR(S)
